main.c:149:5:main	64	static
main.c:278:6:SystemClock_Config	88	static
main.c:322:13:MX_ADC1_Init	24	static
main.c:380:13:MX_SPI1_Init	8	static
main.c:418:13:MX_SPI2_Init	8	static
main.c:456:13:MX_TIM2_Init	32	static
main.c:501:13:MX_TIM5_Init	56	static
main.c:550:13:MX_USART2_UART_Init	8	static
main.c:581:13:MX_DMA_Init	16	static
main.c:603:13:MX_GPIO_Init	48	static
main.c:654:6:HAL_UART_RxCpltCallback	16	static
main.c:687:7:map	32	static
main.c:699:6:StartLCDTask	96	static
main.c:869:6:StartControlTask	64	static
main.c:968:6:HAL_TIM_PeriodElapsedCallback	16	static
main.c:985:6:Error_Handler	4	static
