main.c:134:5:main	64	static
main.c:257:6:SystemClock_Config	88	static
main.c:302:13:MX_SPI2_Init	8	static
main.c:340:13:MX_SPI3_Init	8	static
main.c:378:13:MX_TIM3_Init	64	static
main.c:438:13:MX_USART2_UART_Init	8	static
main.c:469:13:MX_DMA_Init	16	static
main.c:487:13:MX_GPIO_Init	48	static
main.c:537:6:HAL_UART_RxCpltCallback	16	static
main.c:561:7:map	32	static
main.c:565:6:create_state_space_model	8	static
main.c:592:6:LCD_TASK	80	static
main.c:678:6:CONTROL_TASK	88	static
main.c:751:6:HAL_TIM_PeriodElapsedCallback	16	static
main.c:768:6:Error_Handler	4	static
