stm32f4xx_hal_i2c.c:7038:26:I2C_IsAcknowledgeFailed	0	static
stm32f4xx_hal_i2c.c:6831:26:I2C_WaitOnMasterAddressFlagUntilTimeout	32	static
stm32f4xx_hal_i2c.c:6920:26:I2C_WaitOnBTFFlagUntilTimeout	16	static
stm32f4xx_hal_i2c.c:6993:26:I2C_WaitOnRXNEFlagUntilTimeout	16	static
stm32f4xx_hal_i2c.c:6797:26:I2C_WaitOnFlagUntilTimeout	32	static
stm32f4xx_hal_i2c.c:6882:26:I2C_WaitOnTXEFlagUntilTimeout	16	static
stm32f4xx_hal_i2c.c:6377:26:I2C_RequestMemoryWrite	40	static
stm32f4xx_hal_i2c.c:6453:26:I2C_RequestMemoryRead	40	static
stm32f4xx_hal_i2c.c:588:13:HAL_I2C_MspInit	0	static
stm32f4xx_hal_i2c.c:431:19:HAL_I2C_Init	16	static
stm32f4xx_hal_i2c.c:604:13:HAL_I2C_MspDeInit	0	static
stm32f4xx_hal_i2c.c:542:19:HAL_I2C_DeInit	8	static
stm32f4xx_hal_i2c.c:1024:19:HAL_I2C_Master_Transmit	40	static
stm32f4xx_hal_i2c.c:1145:19:HAL_I2C_Master_Receive	64	static
stm32f4xx_hal_i2c.c:1389:19:HAL_I2C_Slave_Transmit	40	static
stm32f4xx_hal_i2c.c:1519:19:HAL_I2C_Slave_Receive	40	static
stm32f4xx_hal_i2c.c:1640:19:HAL_I2C_Master_Transmit_IT	24	static
stm32f4xx_hal_i2c.c:1720:19:HAL_I2C_Master_Receive_IT	24	static
stm32f4xx_hal_i2c.c:1802:19:HAL_I2C_Slave_Transmit_IT	8	static
stm32f4xx_hal_i2c.c:1864:19:HAL_I2C_Slave_Receive_IT	8	static
stm32f4xx_hal_i2c.c:1928:19:HAL_I2C_Master_Transmit_DMA	24	static
stm32f4xx_hal_i2c.c:2069:19:HAL_I2C_Master_Receive_DMA	24	static
stm32f4xx_hal_i2c.c:2208:19:HAL_I2C_Slave_Transmit_DMA	24	static
stm32f4xx_hal_i2c.c:2305:19:HAL_I2C_Slave_Receive_DMA	24	static
stm32f4xx_hal_i2c.c:2407:19:HAL_I2C_Mem_Write	40	static
stm32f4xx_hal_i2c.c:2530:19:HAL_I2C_Mem_Read	56	static
stm32f4xx_hal_i2c.c:2777:19:HAL_I2C_Mem_Write_IT	24	static
stm32f4xx_hal_i2c.c:2865:19:HAL_I2C_Mem_Read_IT	32	static
stm32f4xx_hal_i2c.c:2959:19:HAL_I2C_Mem_Write_DMA	48	static
stm32f4xx_hal_i2c.c:3105:19:HAL_I2C_Mem_Read_DMA	56	static
stm32f4xx_hal_i2c.c:3265:19:HAL_I2C_IsDeviceReady	56	static
stm32f4xx_hal_i2c.c:3397:19:HAL_I2C_Master_Seq_Transmit_IT	24	static
stm32f4xx_hal_i2c.c:3495:19:HAL_I2C_Master_Seq_Transmit_DMA	32	static
stm32f4xx_hal_i2c.c:3661:19:HAL_I2C_Master_Seq_Receive_IT	24	static
stm32f4xx_hal_i2c.c:3777:19:HAL_I2C_Master_Seq_Receive_DMA	32	static
stm32f4xx_hal_i2c.c:3964:19:HAL_I2C_Slave_Seq_Transmit_IT	24	static
stm32f4xx_hal_i2c.c:4030:19:HAL_I2C_Slave_Seq_Transmit_DMA	40	static
stm32f4xx_hal_i2c.c:4187:19:HAL_I2C_Slave_Seq_Receive_IT	24	static
stm32f4xx_hal_i2c.c:4253:19:HAL_I2C_Slave_Seq_Receive_DMA	40	static
stm32f4xx_hal_i2c.c:4406:19:HAL_I2C_EnableListen_IT	0	static
stm32f4xx_hal_i2c.c:4439:19:HAL_I2C_DisableListen_IT	0	static
stm32f4xx_hal_i2c.c:4767:13:HAL_I2C_MasterTxCpltCallback	0	static
stm32f4xx_hal_i2c.c:4783:13:HAL_I2C_MasterRxCpltCallback	0	static
stm32f4xx_hal_i2c.c:4798:13:HAL_I2C_SlaveTxCpltCallback	0	static
stm32f4xx_hal_i2c.c:4814:13:HAL_I2C_SlaveRxCpltCallback	0	static
stm32f4xx_hal_i2c.c:4832:13:HAL_I2C_AddrCallback	0	static
stm32f4xx_hal_i2c.c:4850:13:HAL_I2C_ListenCpltCallback	0	static
stm32f4xx_hal_i2c.c:4866:13:HAL_I2C_MemTxCpltCallback	0	static
stm32f4xx_hal_i2c.c:4882:13:HAL_I2C_MemRxCpltCallback	0	static
stm32f4xx_hal_i2c.c:4898:13:HAL_I2C_ErrorCallback	0	static
stm32f4xx_hal_i2c.c:6686:13:I2C_DMAError	16	static
stm32f4xx_hal_i2c.c:6554:13:I2C_DMAXferCplt	16	static
stm32f4xx_hal_i2c.c:4914:13:HAL_I2C_AbortCpltCallback	0	static
stm32f4xx_hal_i2c.c:6721:13:I2C_DMAAbort	16	static
stm32f4xx_hal_i2c.c:6064:13:I2C_ITError	8	static
stm32f4xx_hal_i2c.c:4474:19:HAL_I2C_Master_Abort_IT	8	static
stm32f4xx_hal_i2c.c:4529:6:HAL_I2C_EV_IRQHandler	64	static
stm32f4xx_hal_i2c.c:4688:6:HAL_I2C_ER_IRQHandler	24	static
stm32f4xx_hal_i2c.c:4949:22:HAL_I2C_GetState	0	static
stm32f4xx_hal_i2c.c:4961:21:HAL_I2C_GetMode	0	static
stm32f4xx_hal_i2c.c:4972:10:HAL_I2C_GetError	0	static
