stm32f4xx_hal_dma.c:1185:17:DMA_CalcBaseAndBitshift	0	static
stm32f4xx_hal_dma.c:171:19:HAL_DMA_Init	16	static
stm32f4xx_hal_dma.c:310:19:HAL_DMA_DeInit	16	static
stm32f4xx_hal_dma.c:408:19:HAL_DMA_Start	12	static
stm32f4xx_hal_dma.c:452:19:HAL_DMA_Start_IT	16	static
stm32f4xx_hal_dma.c:515:19:HAL_DMA_Abort	16	static
stm32f4xx_hal_dma.c:582:19:HAL_DMA_Abort_IT	0	static
stm32f4xx_hal_dma.c:612:19:HAL_DMA_PollForTransfer	40	static
stm32f4xx_hal_dma.c:748:6:HAL_DMA_IRQHandler	32	static
stm32f4xx_hal_dma.c:969:19:HAL_DMA_RegisterCallback	8	static
stm32f4xx_hal_dma.c:1029:19:HAL_DMA_UnRegisterCallback	0	static
stm32f4xx_hal_dma.c:1114:22:HAL_DMA_GetState	0	static
stm32f4xx_hal_dma.c:1125:10:HAL_DMA_GetError	0	static
