stm32f4xx_hal_spi.c:3750:13:SPI_AbortRx_ISR	8	static
stm32f4xx_hal_spi.c:3784:13:SPI_AbortTx_ISR	0	static
stm32f4xx_hal_spi.c:3389:26:SPI_WaitFlagStateUntilTimeout.constprop	24	static
stm32f4xx_hal_spi.c:3439:26:SPI_EndRxTransaction	16	static
stm32f4xx_hal_spi.c:3489:26:SPI_EndRxTxTransaction	24	static
stm32f4xx_hal_spi.c:456:13:HAL_SPI_MspInit	0	static
stm32f4xx_hal_spi.c:310:19:HAL_SPI_Init	8	static
stm32f4xx_hal_spi.c:472:13:HAL_SPI_MspDeInit	0	static
stm32f4xx_hal_spi.c:412:19:HAL_SPI_DeInit	8	static
stm32f4xx_hal_spi.c:743:19:HAL_SPI_Transmit	32	static
stm32f4xx_hal_spi.c:1097:19:HAL_SPI_TransmitReceive	40	static
stm32f4xx_hal_spi.c:906:19:HAL_SPI_Receive	32	static
stm32f4xx_hal_spi.c:1316:19:HAL_SPI_Transmit_IT	0	static
stm32f4xx_hal_spi.c:1491:19:HAL_SPI_TransmitReceive_IT	12	static
stm32f4xx_hal_spi.c:1399:19:HAL_SPI_Receive_IT	12	static
stm32f4xx_hal_spi.c:1579:19:HAL_SPI_Transmit_DMA	8	static
stm32f4xx_hal_spi.c:1796:19:HAL_SPI_TransmitReceive_DMA	16	static
stm32f4xx_hal_spi.c:1684:19:HAL_SPI_Receive_DMA	16	static
stm32f4xx_hal_spi.c:1940:19:HAL_SPI_Abort	24	static
stm32f4xx_hal_spi.c:2249:19:HAL_SPI_DMAPause	0	static
stm32f4xx_hal_spi.c:2269:19:HAL_SPI_DMAResume	0	static
stm32f4xx_hal_spi.c:2289:19:HAL_SPI_DMAStop	16	static
stm32f4xx_hal_spi.c:2435:13:HAL_SPI_TxCpltCallback	0	static
stm32f4xx_hal_spi.c:2451:13:HAL_SPI_RxCpltCallback	0	static
stm32f4xx_hal_spi.c:2467:13:HAL_SPI_TxRxCpltCallback	0	static
stm32f4xx_hal_spi.c:2483:13:HAL_SPI_TxHalfCpltCallback	0	static
stm32f4xx_hal_spi.c:2828:13:SPI_DMAHalfTransmitCplt	8	static
stm32f4xx_hal_spi.c:2499:13:HAL_SPI_RxHalfCpltCallback	0	static
stm32f4xx_hal_spi.c:2846:13:SPI_DMAHalfReceiveCplt	8	static
stm32f4xx_hal_spi.c:2515:13:HAL_SPI_TxRxHalfCpltCallback	0	static
stm32f4xx_hal_spi.c:2864:13:SPI_DMAHalfTransmitReceiveCplt	8	static
stm32f4xx_hal_spi.c:2531:13:HAL_SPI_ErrorCallback	0	static
stm32f4xx_hal_spi.c:3688:13:SPI_CloseTx_ISR	16	static
stm32f4xx_hal_spi.c:3334:13:SPI_TxISR_8BIT	0	static
stm32f4xx_hal_spi.c:3359:13:SPI_TxISR_16BIT	4	static
stm32f4xx_hal_spi.c:3625:13:SPI_CloseRx_ISR	16	static
stm32f4xx_hal_spi.c:3249:13:SPI_RxISR_8BIT	0	static
stm32f4xx_hal_spi.c:3301:13:SPI_RxISR_16BIT	0	static
stm32f4xx_hal_spi.c:3529:13:SPI_CloseRxTx_ISR	16	static
stm32f4xx_hal_spi.c:3108:13:SPI_2linesTxISR_8BIT	0	static
stm32f4xx_hal_spi.c:3052:13:SPI_2linesRxISR_8BIT	0	static
stm32f4xx_hal_spi.c:3196:13:SPI_2linesTxISR_16BIT	4	static
stm32f4xx_hal_spi.c:3144:13:SPI_2linesRxISR_16BIT	4	static
stm32f4xx_hal_spi.c:2882:13:SPI_DMAError	8	static
stm32f4xx_hal_spi.c:2621:13:SPI_DMATransmitCplt	24	static
stm32f4xx_hal_spi.c:2678:13:SPI_DMAReceiveCplt	16	static
stm32f4xx_hal_spi.c:2753:13:SPI_DMATransmitReceiveCplt	16	static
stm32f4xx_hal_spi.c:2329:6:HAL_SPI_IRQHandler	32	static
stm32f4xx_hal_spi.c:2905:13:SPI_DMAAbortOnError	8	static
stm32f4xx_hal_spi.c:2549:13:HAL_SPI_AbortCpltCallback	0	static
stm32f4xx_hal_spi.c:2087:19:HAL_SPI_Abort_IT	32	static
stm32f4xx_hal_spi.c:2993:13:SPI_DMARxAbortCallback	16	static
stm32f4xx_hal_spi.c:2927:13:SPI_DMATxAbortCallback	24	static
stm32f4xx_hal_spi.c:2584:22:HAL_SPI_GetState	0	static
stm32f4xx_hal_spi.c:2596:10:HAL_SPI_GetError	0	static
