stm32f4xx_hal_tim_ex.c:1944:13:TIM_CCxNChannelCmd	8	static
stm32f4xx_hal_tim_ex.c:258:13:HAL_TIMEx_HallSensor_MspInit	0	static
stm32f4xx_hal_tim_ex.c:130:19:HAL_TIMEx_HallSensor_Init	48	static
stm32f4xx_hal_tim_ex.c:273:13:HAL_TIMEx_HallSensor_MspDeInit	0	static
stm32f4xx_hal_tim_ex.c:222:19:HAL_TIMEx_HallSensor_DeInit	8	static
stm32f4xx_hal_tim_ex.c:288:19:HAL_TIMEx_HallSensor_Start	8	static
stm32f4xx_hal_tim_ex.c:315:19:HAL_TIMEx_HallSensor_Stop	8	static
stm32f4xx_hal_tim_ex.c:336:19:HAL_TIMEx_HallSensor_Start_IT	8	static
stm32f4xx_hal_tim_ex.c:366:19:HAL_TIMEx_HallSensor_Stop_IT	8	static
stm32f4xx_hal_tim_ex.c:392:19:HAL_TIMEx_HallSensor_Start_DMA	16	static
stm32f4xx_hal_tim_ex.c:452:19:HAL_TIMEx_HallSensor_Stop_DMA	8	static
stm32f4xx_hal_tim_ex.c:917:19:HAL_TIMEx_PWMN_Start	8	static
stm32f4xx_hal_tim_ex.c:508:19:HAL_TIMEx_OCN_Start	0	static
stm32f4xx_hal_tim_ex.c:980:19:HAL_TIMEx_PWMN_Start_IT	8	static
stm32f4xx_hal_tim_ex.c:572:19:HAL_TIMEx_OCN_Start_IT	0	static
stm32f4xx_hal_tim_ex.c:1045:19:HAL_TIMEx_PWMN_Stop_IT	8	static
stm32f4xx_hal_tim_ex.c:638:19:HAL_TIMEx_OCN_Stop_IT	0	static
stm32f4xx_hal_tim_ex.c:1112:19:HAL_TIMEx_PWMN_Start_DMA	16	static
stm32f4xx_hal_tim_ex.c:704:19:HAL_TIMEx_OCN_Start_DMA	0	static
stm32f4xx_hal_tim_ex.c:1229:19:HAL_TIMEx_PWMN_Stop_DMA	16	static
stm32f4xx_hal_tim_ex.c:822:19:HAL_TIMEx_OCN_Stop_DMA	0	static
stm32f4xx_hal_tim_ex.c:1312:19:HAL_TIMEx_OnePulseN_Start	8	static
stm32f4xx_hal_tim_ex.c:1337:19:HAL_TIMEx_OnePulseN_Stop	8	static
stm32f4xx_hal_tim_ex.c:951:19:HAL_TIMEx_PWMN_Stop	0	static
stm32f4xx_hal_tim_ex.c:543:19:HAL_TIMEx_OCN_Stop	0	static
stm32f4xx_hal_tim_ex.c:1366:19:HAL_TIMEx_OnePulseN_Start_IT	8	static
stm32f4xx_hal_tim_ex.c:1397:19:HAL_TIMEx_OnePulseN_Stop_IT	8	static
stm32f4xx_hal_tim_ex.c:1467:19:HAL_TIMEx_ConfigCommutEvent	8	static
stm32f4xx_hal_tim_ex.c:1522:19:HAL_TIMEx_ConfigCommutEvent_IT	8	static
stm32f4xx_hal_tim_ex.c:1578:19:HAL_TIMEx_ConfigCommutEvent_DMA	8	static
stm32f4xx_hal_tim_ex.c:1626:19:HAL_TIMEx_MasterConfigSynchronization	12	static
stm32f4xx_hal_tim_ex.c:1681:19:HAL_TIMEx_ConfigBreakDeadTime	0	static
stm32f4xx_hal_tim_ex.c:1757:19:HAL_TIMEx_RemapConfig	0	static
stm32f4xx_hal_tim_ex.c:1813:13:HAL_TIMEx_CommutCallback	0	static
stm32f4xx_hal_tim_ex.c:1898:6:TIMEx_DMACommutationCplt	8	static
stm32f4xx_hal_tim_ex.c:1827:13:HAL_TIMEx_CommutHalfCpltCallback	0	static
stm32f4xx_hal_tim_ex.c:1917:6:TIMEx_DMACommutationHalfCplt	8	static
stm32f4xx_hal_tim_ex.c:1842:13:HAL_TIMEx_BreakCallback	0	static
stm32f4xx_hal_tim_ex.c:1875:22:HAL_TIMEx_HallSensor_GetState	0	static
