LCD16X2.c:58:13:LCD1602_TIM_MicorSecDelay	0	static
LCD16X2.c:68:13:LCD1602_EnablePulse	32	static
LCD16X2.c:114:13:LCD1602_TIM_Config	32	static
LCD16X2.c:96:13:LCD1602_write	32	static
LCD16X2.c:82:13:LCD1602_RS.constprop	16	static
LCD16X2.c:167:13:LCD1602_write4bitCommand	24	static
LCD16X2.c:148:13:LCD1602_writeCommand	8	static
LCD16X2.c:179:6:LCD1602_mcp23017	48	static
LCD16X2.c:214:6:LCD1602_Begin8BIT	16	static
LCD16X2.c:243:6:LCD1602_Begin4BIT	16	static
LCD16X2.c:275:6:LCD1602_print	40	static
LCD16X2.c:284:6:LCD1602_setCursor	0	static
LCD16X2.c:299:6:LCD1602_1stLine	0	static
LCD16X2.c:306:6:LCD1602_2ndLine	0	static
LCD16X2.c:313:6:LCD1602_TwoLines	0	static
LCD16X2.c:321:6:LCD1602_OneLine	0	static
LCD16X2.c:329:6:LCD1602_noCursor	0	static
LCD16X2.c:337:6:LCD1602_cursor	0	static
LCD16X2.c:345:6:LCD1602_clear	8	static
LCD16X2.c:353:6:LCD1602_noBlink	0	static
LCD16X2.c:361:6:LCD1602_blink	0	static
LCD16X2.c:369:6:LCD1602_noDisplay	0	static
LCD16X2.c:377:6:LCD1602_display	0	static
LCD16X2.c:385:6:LCD1602_shiftToRight	16	static
LCD16X2.c:394:6:LCD1602_shiftToLeft	16	static
LCD16X2.c:403:6:LCD1602_PrintInt	24	static
LCD16X2.c:412:6:LCD1602_PrintFloat	32	static
