Archive member included to satisfy reference by file (symbol)

/home/hp/Programa/Atollic/ARMTools/bin/../lib/gcc/arm-atollic-eabi/6.3.1/../../../../arm-atollic-eabi/lib/armv7e-m/fpu/libc_nano.a(lib_a-errno.o)
                              Src/syscalls.o (__errno)
/home/hp/Programa/Atollic/ARMTools/bin/../lib/gcc/arm-atollic-eabi/6.3.1/../../../../arm-atollic-eabi/lib/armv7e-m/fpu/libc_nano.a(lib_a-impure.o)
                              /home/hp/Programa/Atollic/ARMTools/bin/../lib/gcc/arm-atollic-eabi/6.3.1/../../../../arm-atollic-eabi/lib/armv7e-m/fpu/libc_nano.a(lib_a-errno.o) (_impure_ptr)
/home/hp/Programa/Atollic/ARMTools/bin/../lib/gcc/arm-atollic-eabi/6.3.1/../../../../arm-atollic-eabi/lib/armv7e-m/fpu/libc_nano.a(lib_a-init.o)
                              startup/startup_stm32f401xe.o (__libc_init_array)
/home/hp/Programa/Atollic/ARMTools/bin/../lib/gcc/arm-atollic-eabi/6.3.1/../../../../arm-atollic-eabi/lib/armv7e-m/fpu/libc_nano.a(lib_a-memcpy-stub.o)
                              Src/CControl/Sources/Algebra.o (memcpy)
/home/hp/Programa/Atollic/ARMTools/bin/../lib/gcc/arm-atollic-eabi/6.3.1/../../../../arm-atollic-eabi/lib/armv7e-m/fpu/libc_nano.a(lib_a-memset.o)
                              Src/CControl/Sources/Algebra.o (memset)
/home/hp/Programa/Atollic/ARMTools/bin/../lib/gcc/arm-atollic-eabi/6.3.1/../../../../arm-atollic-eabi/lib/armv7e-m/fpu/libc_nano.a(lib_a-printf.o)
                              Src/CControl/Sources/Algebra.o (printf)
/home/hp/Programa/Atollic/ARMTools/bin/../lib/gcc/arm-atollic-eabi/6.3.1/../../../../arm-atollic-eabi/lib/armv7e-m/fpu/libc_nano.a(lib_a-putchar.o)
                              Src/CControl/Sources/Algebra.o (putchar)
/home/hp/Programa/Atollic/ARMTools/bin/../lib/gcc/arm-atollic-eabi/6.3.1/../../../../arm-atollic-eabi/lib/armv7e-m/fpu/libc_nano.a(lib_a-sprintf.o)
                              Src/MCP23017_LCD1602A/LCD16X2.o (sprintf)
/home/hp/Programa/Atollic/ARMTools/bin/../lib/gcc/arm-atollic-eabi/6.3.1/../../../../arm-atollic-eabi/lib/armv7e-m/fpu/libc_nano.a(lib_a-findfp.o)
                              /home/hp/Programa/Atollic/ARMTools/bin/../lib/gcc/arm-atollic-eabi/6.3.1/../../../../arm-atollic-eabi/lib/armv7e-m/fpu/libc_nano.a(lib_a-printf.o) (__sinit)
/home/hp/Programa/Atollic/ARMTools/bin/../lib/gcc/arm-atollic-eabi/6.3.1/../../../../arm-atollic-eabi/lib/armv7e-m/fpu/libc_nano.a(lib_a-fwalk.o)
                              /home/hp/Programa/Atollic/ARMTools/bin/../lib/gcc/arm-atollic-eabi/6.3.1/../../../../arm-atollic-eabi/lib/armv7e-m/fpu/libc_nano.a(lib_a-findfp.o) (_fwalk)
/home/hp/Programa/Atollic/ARMTools/bin/../lib/gcc/arm-atollic-eabi/6.3.1/../../../../arm-atollic-eabi/lib/armv7e-m/fpu/libc_nano.a(lib_a-nano-mallocr.o)
                              /home/hp/Programa/Atollic/ARMTools/bin/../lib/gcc/arm-atollic-eabi/6.3.1/../../../../arm-atollic-eabi/lib/armv7e-m/fpu/libc_nano.a(lib_a-findfp.o) (_malloc_r)
/home/hp/Programa/Atollic/ARMTools/bin/../lib/gcc/arm-atollic-eabi/6.3.1/../../../../arm-atollic-eabi/lib/armv7e-m/fpu/libc_nano.a(lib_a-nano-svfprintf.o)
                              /home/hp/Programa/Atollic/ARMTools/bin/../lib/gcc/arm-atollic-eabi/6.3.1/../../../../arm-atollic-eabi/lib/armv7e-m/fpu/libc_nano.a(lib_a-sprintf.o) (_svfprintf_r)
/home/hp/Programa/Atollic/ARMTools/bin/../lib/gcc/arm-atollic-eabi/6.3.1/../../../../arm-atollic-eabi/lib/armv7e-m/fpu/libc_nano.a(lib_a-nano-vfprintf.o)
                              /home/hp/Programa/Atollic/ARMTools/bin/../lib/gcc/arm-atollic-eabi/6.3.1/../../../../arm-atollic-eabi/lib/armv7e-m/fpu/libc_nano.a(lib_a-printf.o) (_vfprintf_r)
/home/hp/Programa/Atollic/ARMTools/bin/../lib/gcc/arm-atollic-eabi/6.3.1/../../../../arm-atollic-eabi/lib/armv7e-m/fpu/libc_nano.a(lib_a-nano-vfprintf_i.o)
                              /home/hp/Programa/Atollic/ARMTools/bin/../lib/gcc/arm-atollic-eabi/6.3.1/../../../../arm-atollic-eabi/lib/armv7e-m/fpu/libc_nano.a(lib_a-nano-svfprintf.o) (_printf_i)
/home/hp/Programa/Atollic/ARMTools/bin/../lib/gcc/arm-atollic-eabi/6.3.1/../../../../arm-atollic-eabi/lib/armv7e-m/fpu/libc_nano.a(lib_a-putc.o)
                              /home/hp/Programa/Atollic/ARMTools/bin/../lib/gcc/arm-atollic-eabi/6.3.1/../../../../arm-atollic-eabi/lib/armv7e-m/fpu/libc_nano.a(lib_a-putchar.o) (_putc_r)
/home/hp/Programa/Atollic/ARMTools/bin/../lib/gcc/arm-atollic-eabi/6.3.1/../../../../arm-atollic-eabi/lib/armv7e-m/fpu/libc_nano.a(lib_a-sbrkr.o)
                              /home/hp/Programa/Atollic/ARMTools/bin/../lib/gcc/arm-atollic-eabi/6.3.1/../../../../arm-atollic-eabi/lib/armv7e-m/fpu/libc_nano.a(lib_a-nano-mallocr.o) (_sbrk_r)
/home/hp/Programa/Atollic/ARMTools/bin/../lib/gcc/arm-atollic-eabi/6.3.1/../../../../arm-atollic-eabi/lib/armv7e-m/fpu/libc_nano.a(lib_a-stdio.o)
                              /home/hp/Programa/Atollic/ARMTools/bin/../lib/gcc/arm-atollic-eabi/6.3.1/../../../../arm-atollic-eabi/lib/armv7e-m/fpu/libc_nano.a(lib_a-findfp.o) (__sread)
[...]
Memory Configuration

Name             Origin             Length             Attributes
RAM              0x0000000020000000 0x0000000000018000 xrw
FLASH            0x0000000008000000 0x0000000000080000 xr
*default*        0x0000000000000000 0xffffffffffffffff

Linker script and memory map

LOAD /home/hp/Programa/Atollic/ARMTools/bin/../lib/gcc/arm-atollic-eabi/6.3.1/armv7e-m/fpu/crti.o
LOAD /home/hp/Programa/Atollic/ARMTools/bin/../lib/gcc/arm-atollic-eabi/6.3.1/armv7e-m/fpu/crtbegin.o
LOAD Drivers/STM32F4xx_HAL_Driver/Src/stm32f4xx_hal.o
LOAD Drivers/STM32F4xx_HAL_Driver/Src/stm32f4xx_hal_cortex.o
LOAD Drivers/STM32F4xx_HAL_Driver/Src/stm32f4xx_hal_dma.o
LOAD Drivers/STM32F4xx_HAL_Driver/Src/stm32f4xx_hal_dma_ex.o
LOAD Drivers/STM32F4xx_HAL_Driver/Src/stm32f4xx_hal_exti.o
LOAD Drivers/STM32F4xx_HAL_Driver/Src/stm32f4xx_hal_flash.o
LOAD Drivers/STM32F4xx_HAL_Driver/Src/stm32f4xx_hal_flash_ex.o
LOAD Drivers/STM32F4xx_HAL_Driver/Src/stm32f4xx_hal_flash_ramfunc.o
LOAD Drivers/STM32F4xx_HAL_Driver/Src/stm32f4xx_hal_gpio.o
LOAD Drivers/STM32F4xx_HAL_Driver/Src/stm32f4xx_hal_i2c.o
LOAD Drivers/STM32F4xx_HAL_Driver/Src/stm32f4xx_hal_i2c_ex.o
LOAD Drivers/STM32F4xx_HAL_Driver/Src/stm32f4xx_hal_pwr.o
LOAD Drivers/STM32F4xx_HAL_Driver/Src/stm32f4xx_hal_pwr_ex.o
LOAD Drivers/STM32F4xx_HAL_Driver/Src/stm32f4xx_hal_rcc.o
LOAD Drivers/STM32F4xx_HAL_Driver/Src/stm32f4xx_hal_rcc_ex.o
LOAD Drivers/STM32F4xx_HAL_Driver/Src/stm32f4xx_hal_spi.o
LOAD Drivers/STM32F4xx_HAL_Driver/Src/stm32f4xx_hal_tim.o
LOAD Drivers/STM32F4xx_HAL_Driver/Src/stm32f4xx_hal_tim_ex.o
LOAD Src/CControl/Sources/Algebra.o
LOAD Src/CControl/Sources/Estimation.o
LOAD Src/CControl/Sources/Feedback.o
LOAD Src/CControl/Sources/Identification.o
LOAD Src/CControl/Sources/Tools.o
LOAD Src/MCP23017_LCD1602A/LCD16X2.o
LOAD Src/MCP3008/MCP3008.o
LOAD Src/main.o
LOAD Src/stm32f4xx_hal_msp.o
LOAD Src/stm32f4xx_it.o
LOAD Src/syscalls.o
LOAD Src/system_stm32f4xx.o
LOAD startup/startup_stm32f401xe.o
                0x0000000000000080                malloc_getpagesize_P = 0x80
START GROUP
LOAD /home/hp/Programa/Atollic/ARMTools/bin/../lib/gcc/arm-atollic-eabi/6.3.1/../../../../arm-atollic-eabi/lib/armv7e-m/fpu/libc_nano.a
LOAD /home/hp/Programa/Atollic/ARMTools/bin/../lib/gcc/arm-atollic-eabi/6.3.1/../../../../arm-atollic-eabi/lib/armv7e-m/fpu/libm.a
END GROUP
START GROUP
LOAD /home/hp/Programa/Atollic/ARMTools/bin/../lib/gcc/arm-atollic-eabi/6.3.1/armv7e-m/fpu/libgcc.a
LOAD /home/hp/Programa/Atollic/ARMTools/bin/../lib/gcc/arm-atollic-eabi/6.3.1/../../../../arm-atollic-eabi/lib/armv7e-m/fpu/libc_nano.a
END GROUP
START GROUP
LOAD /home/hp/Programa/Atollic/ARMTools/bin/../lib/gcc/arm-atollic-eabi/6.3.1/armv7e-m/fpu/libgcc.a
LOAD /home/hp/Programa/Atollic/ARMTools/bin/../lib/gcc/arm-atollic-eabi/6.3.1/../../../../arm-atollic-eabi/lib/armv7e-m/fpu/libc_nano.a
LOAD /home/hp/Programa/Atollic/ARMTools/bin/../lib/gcc/arm-atollic-eabi/6.3.1/../../../../arm-atollic-eabi/lib/armv7e-m/fpu/libnosys.a
END GROUP
START GROUP
LOAD /home/hp/Programa/Atollic/ARMTools/bin/../lib/gcc/arm-atollic-eabi/6.3.1/armv7e-m/fpu/libgcc.a
LOAD /home/hp/Programa/Atollic/ARMTools/bin/../lib/gcc/arm-atollic-eabi/6.3.1/../../../../arm-atollic-eabi/lib/armv7e-m/fpu/libc_nano.a
LOAD /home/hp/Programa/Atollic/ARMTools/bin/../lib/gcc/arm-atollic-eabi/6.3.1/../../../../arm-atollic-eabi/lib/armv7e-m/fpu/libnosys.a
END GROUP
LOAD /home/hp/Programa/Atollic/ARMTools/bin/../lib/gcc/arm-atollic-eabi/6.3.1/armv7e-m/fpu/crtend.o
LOAD /home/hp/Programa/Atollic/ARMTools/bin/../lib/gcc/arm-atollic-eabi/6.3.1/armv7e-m/fpu/crtn.o
                0x0000000020018000                _estack = 0x20018000
                0x0000000000000200                _Min_Heap_Size = 0x200
                0x0000000000000400                _Min_Stack_Size = 0x400

.isr_vector     0x0000000008000000      0x194
                0x0000000008000000                . = ALIGN (0x4)
 *(.isr_vector)
 .isr_vector    0x0000000008000000      0x194 startup/startup_stm32f401xe.o
                0x0000000008000000                g_pfnVectors
                0x0000000008000194                . = ALIGN (0x4)

.text           0x00000000080001a0     0x38b8
                0x00000000080001a0                . = ALIGN (0x4)
 *(.text)
 .text          0x00000000080001a0       0x40 /home/hp/Programa/Atollic/ARMTools/bin/../lib/gcc/arm-atollic-eabi/6.3.1/armv7e-m/fpu/crtbegin.o
 .text          0x00000000080001e0       0xa0 /home/hp/Programa/Atollic/ARMTools/bin/../lib/gcc/arm-atollic-eabi/6.3.1/../../../../arm-atollic-eabi/lib/armv7e-m/fpu/libc_nano.a(lib_a-memchr.o)
                0x00000000080001e0                memchr
 .text          0x0000000008000280      0x370 /home/hp/Programa/Atollic/ARMTools/bin/../lib/gcc/arm-atollic-eabi/6.3.1/armv7e-m/fpu/libgcc.a(_arm_addsubdf3.o)
                0x0000000008000280                __aeabi_drsub
                0x0000000008000288                __aeabi_dsub
                0x0000000008000288                __subdf3
                0x000000000800028c                __adddf3
                0x000000000800028c                __aeabi_dadd
                0x0000000008000504                __aeabi_ui2d
                0x0000000008000504                __floatunsidf
                0x0000000008000524                __floatsidf
                0x0000000008000524                __aeabi_i2d
                0x0000000008000548                __extendsfdf2
                0x0000000008000548                __aeabi_f2d
                0x0000000008000584                __aeabi_ul2d
                0x0000000008000584                __floatundidf
                0x0000000008000594                __floatdidf
                0x0000000008000594                __aeabi_l2d
 .text          0x00000000080005f0      0x424 /home/hp/Programa/Atollic/ARMTools/bin/../lib/gcc/arm-atollic-eabi/6.3.1/armv7e-m/fpu/libgcc.a(_arm_muldivdf3.o)
                0x00000000080005f0                __aeabi_dmul
                0x00000000080005f0                __muldf3
                0x0000000008000844                __aeabi_ddiv
                0x0000000008000844                __divdf3
 .text          0x0000000008000a14       0x40 /home/hp/Programa/Atollic/ARMTools/bin/../lib/gcc/arm-atollic-eabi/6.3.1/armv7e-m/fpu/libgcc.a(_arm_fixunsdfsi.o)
                0x0000000008000a14                __fixunsdfsi
                0x0000000008000a14                __aeabi_d2uiz
 .text          0x0000000008000a54       0x30 /home/hp/Programa/Atollic/ARMTools/bin/../lib/gcc/arm-atollic-eabi/6.3.1/armv7e-m/fpu/libgcc.a(_aeabi_uldivmod.o)
                0x0000000008000a54                __aeabi_uldivmod
 .text          0x0000000008000a84      0x2dc /home/hp/Programa/Atollic/ARMTools/bin/../lib/gcc/arm-atollic-eabi/6.3.1/armv7e-m/fpu/libgcc.a(_udivmoddi4.o)
                0x0000000008000a84                __udivmoddi4
 .text          0x0000000008000d60        0x4 /home/hp/Programa/Atollic/ARMTools/bin/../lib/gcc/arm-atollic-eabi/6.3.1/armv7e-m/fpu/libgcc.a(_dvmd_tls.o)
                0x0000000008000d60                __aeabi_ldiv0
                0x0000000008000d60                __aeabi_idiv0
 *(.text*)
 .text.HAL_InitTick
                0x0000000008000d64       0x48 Drivers/STM32F4xx_HAL_Driver/Src/stm32f4xx_hal.o
                0x0000000008000d64                HAL_InitTick
 .text.HAL_Init
                0x0000000008000dac       0x34 Drivers/STM32F4xx_HAL_Driver/Src/stm32f4xx_hal.o
                0x0000000008000dac                HAL_Init
 .text.HAL_IncTick
                0x0000000008000de0       0x18 Drivers/STM32F4xx_HAL_Driver/Src/stm32f4xx_hal.o
                0x0000000008000de0                HAL_IncTick
 .text.HAL_GetTick
                0x0000000008000df8        0xc Drivers/STM32F4xx_HAL_Driver/Src/stm32f4xx_hal.o
                0x0000000008000df8                HAL_GetTick
 .text.HAL_Delay
                0x0000000008000e04       0x28 Drivers/STM32F4xx_HAL_Driver/Src/stm32f4xx_hal.o
                0x0000000008000e04                HAL_Delay
 .text.HAL_NVIC_SetPriorityGrouping
                0x0000000008000e2c       0x24 Drivers/STM32F4xx_HAL_Driver/Src/stm32f4xx_hal_cortex.o
                0x0000000008000e2c                HAL_NVIC_SetPriorityGrouping
 .text.HAL_NVIC_SetPriority
                0x0000000008000e50       0x68 Drivers/STM32F4xx_HAL_Driver/Src/stm32f4xx_hal_cortex.o
                0x0000000008000e50                HAL_NVIC_SetPriority
 .text.HAL_SYSTICK_Config
                0x0000000008000eb8       0x2c Drivers/STM32F4xx_HAL_Driver/Src/stm32f4xx_hal_cortex.o
                0x0000000008000eb8                HAL_SYSTICK_Config
 .text.HAL_GPIO_Init
                0x0000000008000ee4      0x1ac Drivers/STM32F4xx_HAL_Driver/Src/stm32f4xx_hal_gpio.o
                0x0000000008000ee4                HAL_GPIO_Init
 .text.HAL_GPIO_WritePin
                0x0000000008001090        0xa Drivers/STM32F4xx_HAL_Driver/Src/stm32f4xx_hal_gpio.o
                0x0000000008001090                HAL_GPIO_WritePin
 .text.HAL_GPIO_TogglePin
                0x000000000800109a        0xe Drivers/STM32F4xx_HAL_Driver/Src/stm32f4xx_hal_gpio.o
                0x000000000800109a                HAL_GPIO_TogglePin
 .text.I2C_IsAcknowledgeFailed
                0x00000000080010a8       0x34 Drivers/STM32F4xx_HAL_Driver/Src/stm32f4xx_hal_i2c.o
 .text.I2C_WaitOnMasterAddressFlagUntilTimeout
                0x00000000080010dc       0x8a Drivers/STM32F4xx_HAL_Driver/Src/stm32f4xx_hal_i2c.o
 .text.I2C_WaitOnBTFFlagUntilTimeout
                0x0000000008001166       0x4c Drivers/STM32F4xx_HAL_Driver/Src/stm32f4xx_hal_i2c.o
 .text.I2C_WaitOnFlagUntilTimeout
                0x00000000080011b2       0x64 Drivers/STM32F4xx_HAL_Driver/Src/stm32f4xx_hal_i2c.o
 .text.I2C_WaitOnTXEFlagUntilTimeout
                0x0000000008001216       0x4c Drivers/STM32F4xx_HAL_Driver/Src/stm32f4xx_hal_i2c.o
 *fill*         0x0000000008001262        0x2 
 .text.HAL_I2C_Init
                0x0000000008001264      0x148 Drivers/STM32F4xx_HAL_Driver/Src/stm32f4xx_hal_i2c.o
                0x0000000008001264                HAL_I2C_Init
 .text.HAL_I2C_Master_Transmit
                0x00000000080013ac      0x19c Drivers/STM32F4xx_HAL_Driver/Src/stm32f4xx_hal_i2c.o
                0x00000000080013ac                HAL_I2C_Master_Transmit
 .text.HAL_I2C_IsDeviceReady
                0x0000000008001548      0x150 Drivers/STM32F4xx_HAL_Driver/Src/stm32f4xx_hal_i2c.o
                0x0000000008001548                HAL_I2C_IsDeviceReady
 .text.HAL_RCC_OscConfig
                0x0000000008001698      0x304 Drivers/STM32F4xx_HAL_Driver/Src/stm32f4xx_hal_rcc.o
                0x0000000008001698                HAL_RCC_OscConfig
 .text.HAL_RCC_GetSysClockFreq
                0x000000000800199c       0x5c Drivers/STM32F4xx_HAL_Driver/Src/stm32f4xx_hal_rcc.o
                0x000000000800199c                HAL_RCC_GetSysClockFreq
 .text.HAL_RCC_ClockConfig
                0x00000000080019f8      0x134 Drivers/STM32F4xx_HAL_Driver/Src/stm32f4xx_hal_rcc.o
                0x00000000080019f8                HAL_RCC_ClockConfig
 .text.HAL_RCC_GetPCLK1Freq
                0x0000000008001b2c       0x20 Drivers/STM32F4xx_HAL_Driver/Src/stm32f4xx_hal_rcc.o
                0x0000000008001b2c                HAL_RCC_GetPCLK1Freq
 .text.HAL_RCC_GetClockConfig
                0x0000000008001b4c       0x3c Drivers/STM32F4xx_HAL_Driver/Src/stm32f4xx_hal_rcc.o
                0x0000000008001b4c                HAL_RCC_GetClockConfig
 .text.SPI_WaitFlagStateUntilTimeout.constprop.9
                0x0000000008001b88       0x76 Drivers/STM32F4xx_HAL_Driver/Src/stm32f4xx_hal_spi.o
 *fill*         0x0000000008001bfe        0x2 
 .text.SPI_EndRxTxTransaction
                0x0000000008001c00       0x5c Drivers/STM32F4xx_HAL_Driver/Src/stm32f4xx_hal_spi.o
 .text.HAL_SPI_Init
                0x0000000008001c5c       0x7a Drivers/STM32F4xx_HAL_Driver/Src/stm32f4xx_hal_spi.o
                0x0000000008001c5c                HAL_SPI_Init
 .text.HAL_SPI_TransmitReceive
                0x0000000008001cd6      0x1e0 Drivers/STM32F4xx_HAL_Driver/Src/stm32f4xx_hal_spi.o
                0x0000000008001cd6                HAL_SPI_TransmitReceive
 *fill*         0x0000000008001eb6        0x2 
 .text.TIM_OC1_SetConfig
                0x0000000008001eb8       0x50 Drivers/STM32F4xx_HAL_Driver/Src/stm32f4xx_hal_tim.o
 .text.TIM_OC3_SetConfig
                0x0000000008001f08       0x54 Drivers/STM32F4xx_HAL_Driver/Src/stm32f4xx_hal_tim.o
 .text.TIM_OC4_SetConfig
                0x0000000008001f5c       0x44 Drivers/STM32F4xx_HAL_Driver/Src/stm32f4xx_hal_tim.o
 .text.HAL_TIM_PWM_MspInit
                0x0000000008001fa0        0x2 Drivers/STM32F4xx_HAL_Driver/Src/stm32f4xx_hal_tim.o
                0x0000000008001fa0                HAL_TIM_PWM_MspInit
 *fill*         0x0000000008001fa2        0x2 
 .text.TIM_Base_SetConfig
                0x0000000008001fa4       0x9c Drivers/STM32F4xx_HAL_Driver/Src/stm32f4xx_hal_tim.o
                0x0000000008001fa4                TIM_Base_SetConfig
 .text.HAL_TIM_Base_Init
                0x0000000008002040       0x34 Drivers/STM32F4xx_HAL_Driver/Src/stm32f4xx_hal_tim.o
                0x0000000008002040                HAL_TIM_Base_Init
 .text.HAL_TIM_PWM_Init
                0x0000000008002074       0x34 Drivers/STM32F4xx_HAL_Driver/Src/stm32f4xx_hal_tim.o
                0x0000000008002074                HAL_TIM_PWM_Init
 .text.TIM_OC2_SetConfig
                0x00000000080020a8       0x58 Drivers/STM32F4xx_HAL_Driver/Src/stm32f4xx_hal_tim.o
                0x00000000080020a8                TIM_OC2_SetConfig
 .text.HAL_TIM_PWM_ConfigChannel
                0x0000000008002100       0xc4 Drivers/STM32F4xx_HAL_Driver/Src/stm32f4xx_hal_tim.o
                0x0000000008002100                HAL_TIM_PWM_ConfigChannel
 .text.TIM_ETR_SetConfig
                0x00000000080021c4       0x14 Drivers/STM32F4xx_HAL_Driver/Src/stm32f4xx_hal_tim.o
                0x00000000080021c4                TIM_ETR_SetConfig
 .text.HAL_TIM_ConfigClockSource
                0x00000000080021d8      0x128 Drivers/STM32F4xx_HAL_Driver/Src/stm32f4xx_hal_tim.o
                0x00000000080021d8                HAL_TIM_ConfigClockSource
 .text.TIM_CCxChannelCmd
                0x0000000008002300       0x1c Drivers/STM32F4xx_HAL_Driver/Src/stm32f4xx_hal_tim.o
                0x0000000008002300                TIM_CCxChannelCmd
 .text.HAL_TIM_PWM_Start
                0x000000000800231c       0x38 Drivers/STM32F4xx_HAL_Driver/Src/stm32f4xx_hal_tim.o
                0x000000000800231c                HAL_TIM_PWM_Start
 .text.HAL_TIMEx_MasterConfigSynchronization
                0x0000000008002354       0x3c Drivers/STM32F4xx_HAL_Driver/Src/stm32f4xx_hal_tim_ex.o
                0x0000000008002354                HAL_TIMEx_MasterConfigSynchronization
 .text.HAL_TIMEx_ConfigBreakDeadTime
                0x0000000008002390       0x4c Drivers/STM32F4xx_HAL_Driver/Src/stm32f4xx_hal_tim_ex.o
                0x0000000008002390                HAL_TIMEx_ConfigBreakDeadTime
 .text.mul      0x00000000080023dc       0x78 Src/CControl/Sources/Algebra.o
                0x00000000080023dc                mul
 .text.kalman   0x0000000008002454       0xc6 Src/CControl/Sources/Estimation.o
                0x0000000008002454                kalman
 .text.lqi      0x000000000800251a       0xb4 Src/CControl/Sources/Feedback.o
                0x000000000800251a                lqi
 .text.saturation
                0x00000000080025ce       0x24 Src/CControl/Sources/Tools.o
                0x00000000080025ce                saturation
 *fill*         0x00000000080025f2        0x2 
 .text.LCD1602_TIM_MicorSecDelay
                0x00000000080025f4       0x24 Src/MCP23017_LCD1602A/LCD16X2.o
 .text.LCD1602_EnablePulse
                0x0000000008002618       0x70 Src/MCP23017_LCD1602A/LCD16X2.o
 .text.LCD1602_TIM_Config
                0x0000000008002688       0x88 Src/MCP23017_LCD1602A/LCD16X2.o
 .text.LCD1602_write
                0x0000000008002710       0x80 Src/MCP23017_LCD1602A/LCD16X2.o
 .text.LCD1602_RS.constprop.2
                0x0000000008002790       0x38 Src/MCP23017_LCD1602A/LCD16X2.o
 .text.LCD1602_writeCommand
                0x00000000080027c8       0x12 Src/MCP23017_LCD1602A/LCD16X2.o
 *fill*         0x00000000080027da        0x2 
 .text.LCD1602_mcp23017
                0x00000000080027dc       0xb4 Src/MCP23017_LCD1602A/LCD16X2.o
                0x00000000080027dc                LCD1602_mcp23017
 .text.LCD1602_Begin8BIT
                0x0000000008002890       0x60 Src/MCP23017_LCD1602A/LCD16X2.o
                0x0000000008002890                LCD1602_Begin8BIT
 .text.LCD1602_print
                0x00000000080028f0       0x5c Src/MCP23017_LCD1602A/LCD16X2.o
                0x00000000080028f0                LCD1602_print
 .text.LCD1602_setCursor
                0x000000000800294c       0x16 Src/MCP23017_LCD1602A/LCD16X2.o
                0x000000000800294c                LCD1602_setCursor
 .text.LCD1602_2ndLine
                0x0000000008002962        0x6 Src/MCP23017_LCD1602A/LCD16X2.o
                0x0000000008002962                LCD1602_2ndLine
 .text.LCD1602_noCursor
                0x0000000008002968       0x14 Src/MCP23017_LCD1602A/LCD16X2.o
                0x0000000008002968                LCD1602_noCursor
 .text.LCD1602_noBlink
                0x000000000800297c       0x14 Src/MCP23017_LCD1602A/LCD16X2.o
                0x000000000800297c                LCD1602_noBlink
 .text.MCP3008_Init
                0x0000000008002990       0x38 Src/MCP3008/MCP3008.o
                0x0000000008002990                MCP3008_Init
 .text.MCP3008_Read_Channel
                0x00000000080029c8       0x9c Src/MCP3008/MCP3008.o
                0x00000000080029c8                MCP3008_Read_Channel
 .text.SystemClock_Config
                0x0000000008002a64       0x94 Src/main.o
                0x0000000008002a64                SystemClock_Config
 .text.startup.main
                0x0000000008002af8      0x3ec Src/main.o
                0x0000000008002af8                main
 .text.HAL_MspInit
                0x0000000008002ee4       0x40 Src/stm32f4xx_hal_msp.o
                0x0000000008002ee4                HAL_MspInit
 .text.HAL_I2C_MspInit
                0x0000000008002f24       0x74 Src/stm32f4xx_hal_msp.o
                0x0000000008002f24                HAL_I2C_MspInit
 .text.HAL_SPI_MspInit
                0x0000000008002f98       0x98 Src/stm32f4xx_hal_msp.o
                0x0000000008002f98                HAL_SPI_MspInit
 .text.HAL_TIM_Base_MspInit
                0x0000000008003030       0x30 Src/stm32f4xx_hal_msp.o
                0x0000000008003030                HAL_TIM_Base_MspInit
 .text.HAL_TIM_MspPostInit
                0x0000000008003060       0x58 Src/stm32f4xx_hal_msp.o
                0x0000000008003060                HAL_TIM_MspPostInit
 .text.NMI_Handler
                0x00000000080030b8        0x2 Src/stm32f4xx_it.o
                0x00000000080030b8                NMI_Handler
 .text.HardFault_Handler
                0x00000000080030ba        0x2 Src/stm32f4xx_it.o
                0x00000000080030ba                HardFault_Handler
 .text.MemManage_Handler
                0x00000000080030bc        0x2 Src/stm32f4xx_it.o
                0x00000000080030bc                MemManage_Handler
 .text.BusFault_Handler
                0x00000000080030be        0x2 Src/stm32f4xx_it.o
                0x00000000080030be                BusFault_Handler
 .text.UsageFault_Handler
                0x00000000080030c0        0x2 Src/stm32f4xx_it.o
                0x00000000080030c0                UsageFault_Handler
 .text.SVC_Handler
                0x00000000080030c2        0x2 Src/stm32f4xx_it.o
                0x00000000080030c2                SVC_Handler
 .text.DebugMon_Handler
                0x00000000080030c4        0x2 Src/stm32f4xx_it.o
                0x00000000080030c4                DebugMon_Handler
 .text.PendSV_Handler
                0x00000000080030c6        0x2 Src/stm32f4xx_it.o
                0x00000000080030c6                PendSV_Handler
 .text.SysTick_Handler
                0x00000000080030c8        0x4 Src/stm32f4xx_it.o
                0x00000000080030c8                SysTick_Handler
 .text._sbrk    0x00000000080030cc       0x34 Src/syscalls.o
                0x00000000080030cc                _sbrk
 .text.SystemInit
                0x0000000008003100       0x4c Src/system_stm32f4xx.o
                0x0000000008003100                SystemInit
 .text.Reset_Handler
                0x000000000800314c       0x50 startup/startup_stm32f401xe.o
                0x000000000800314c                Reset_Handler
 .text.Default_Handler
                0x000000000800319c        0x2 startup/startup_stm32f401xe.o
                0x000000000800319c                RTC_Alarm_IRQHandler
                0x000000000800319c                EXTI2_IRQHandler
                0x000000000800319c                SPI4_IRQHandler
                0x000000000800319c                TIM1_CC_IRQHandler
                0x000000000800319c                DMA2_Stream5_IRQHandler
                0x000000000800319c                DMA1_Stream5_IRQHandler
                0x000000000800319c                PVD_IRQHandler
                0x000000000800319c                SDIO_IRQHandler
                0x000000000800319c                TAMP_STAMP_IRQHandler
                0x000000000800319c                EXTI3_IRQHandler
                0x000000000800319c                TIM1_UP_TIM10_IRQHandler
                0x000000000800319c                I2C3_ER_IRQHandler
                0x000000000800319c                EXTI0_IRQHandler
                0x000000000800319c                I2C2_EV_IRQHandler
                0x000000000800319c                DMA1_Stream2_IRQHandler
                0x000000000800319c                FPU_IRQHandler
                0x000000000800319c                DMA2_Stream2_IRQHandler
                0x000000000800319c                SPI1_IRQHandler
                0x000000000800319c                TIM1_BRK_TIM9_IRQHandler
                0x000000000800319c                DMA2_Stream3_IRQHandler
                0x000000000800319c                USART6_IRQHandler
                0x000000000800319c                DMA2_Stream0_IRQHandler
                0x000000000800319c                TIM4_IRQHandler
                0x000000000800319c                I2C1_EV_IRQHandler
                0x000000000800319c                DMA1_Stream6_IRQHandler
                0x000000000800319c                DMA1_Stream1_IRQHandler
                0x000000000800319c                TIM3_IRQHandler
                0x000000000800319c                RCC_IRQHandler
                0x000000000800319c                Default_Handler
                0x000000000800319c                EXTI15_10_IRQHandler
                0x000000000800319c                ADC_IRQHandler
                0x000000000800319c                DMA1_Stream7_IRQHandler
                0x000000000800319c                TIM5_IRQHandler
                0x000000000800319c                DMA2_Stream7_IRQHandler
                0x000000000800319c                I2C3_EV_IRQHandler
                0x000000000800319c                EXTI9_5_IRQHandler
                0x000000000800319c                RTC_WKUP_IRQHandler
                0x000000000800319c                SPI2_IRQHandler
                0x000000000800319c                DMA1_Stream0_IRQHandler
                0x000000000800319c                EXTI4_IRQHandler
                0x000000000800319c                WWDG_IRQHandler
                0x000000000800319c                TIM2_IRQHandler
                0x000000000800319c                OTG_FS_WKUP_IRQHandler
                0x000000000800319c                TIM1_TRG_COM_TIM11_IRQHandler
                0x000000000800319c                EXTI1_IRQHandler
                0x000000000800319c                USART2_IRQHandler
                0x000000000800319c                I2C2_ER_IRQHandler
                0x000000000800319c                DMA2_Stream1_IRQHandler
                0x000000000800319c                FLASH_IRQHandler
                0x000000000800319c                DMA2_Stream4_IRQHandler
                0x000000000800319c                USART1_IRQHandler
                0x000000000800319c                OTG_FS_IRQHandler
                0x000000000800319c                SPI3_IRQHandler
                0x000000000800319c                DMA1_Stream4_IRQHandler
                0x000000000800319c                I2C1_ER_IRQHandler
                0x000000000800319c                DMA2_Stream6_IRQHandler
                0x000000000800319c                DMA1_Stream3_IRQHandler
 *fill*         0x000000000800319e        0x2 
 .text.__errno  0x00000000080031a0        0xc /home/hp/Programa/Atollic/ARMTools/bin/../lib/gcc/arm-atollic-eabi/6.3.1/../../../../arm-atollic-eabi/lib/armv7e-m/fpu/libc_nano.a(lib_a-errno.o)
                0x00000000080031a0                __errno
 .text.__libc_init_array
                0x00000000080031ac       0x48 /home/hp/Programa/Atollic/ARMTools/bin/../lib/gcc/arm-atollic-eabi/6.3.1/../../../../arm-atollic-eabi/lib/armv7e-m/fpu/libc_nano.a(lib_a-init.o)
                0x00000000080031ac                __libc_init_array
 .text.memcpy   0x00000000080031f4       0x16 /home/hp/Programa/Atollic/ARMTools/bin/../lib/gcc/arm-atollic-eabi/6.3.1/../../../../arm-atollic-eabi/lib/armv7e-m/fpu/libc_nano.a(lib_a-memcpy-stub.o)
                0x00000000080031f4                memcpy
 .text.memset   0x000000000800320a       0x10 /home/hp/Programa/Atollic/ARMTools/bin/../lib/gcc/arm-atollic-eabi/6.3.1/../../../../arm-atollic-eabi/lib/armv7e-m/fpu/libc_nano.a(lib_a-memset.o)
                0x000000000800320a                memset
 *fill*         0x000000000800321a        0x2 
 .text.sprintf  0x000000000800321c       0x48 /home/hp/Programa/Atollic/ARMTools/bin/../lib/gcc/arm-atollic-eabi/6.3.1/../../../../arm-atollic-eabi/lib/armv7e-m/fpu/libc_nano.a(lib_a-sprintf.o)
                0x000000000800321c                sprintf
                0x000000000800321c                siprintf
 .text._malloc_r
                0x0000000008003264       0xbc /home/hp/Programa/Atollic/ARMTools/bin/../lib/gcc/arm-atollic-eabi/6.3.1/../../../../arm-atollic-eabi/lib/armv7e-m/fpu/libc_nano.a(lib_a-nano-mallocr.o)
                0x0000000008003264                _malloc_r
 .text.__ssputs_r
                0x0000000008003320       0xb6 /home/hp/Programa/Atollic/ARMTools/bin/../lib/gcc/arm-atollic-eabi/6.3.1/../../../../arm-atollic-eabi/lib/armv7e-m/fpu/libc_nano.a(lib_a-nano-svfprintf.o)
                0x0000000008003320                __ssputs_r
 *fill*         0x00000000080033d6        0x2 
 .text._svfprintf_r
                0x00000000080033d8      0x1e8 /home/hp/Programa/Atollic/ARMTools/bin/../lib/gcc/arm-atollic-eabi/6.3.1/../../../../arm-atollic-eabi/lib/armv7e-m/fpu/libc_nano.a(lib_a-nano-svfprintf.o)
                0x00000000080033d8                _svfprintf_r
                0x00000000080033d8                _svfiprintf_r
 .text._printf_common
                0x00000000080035c0       0xec /home/hp/Programa/Atollic/ARMTools/bin/../lib/gcc/arm-atollic-eabi/6.3.1/../../../../arm-atollic-eabi/lib/armv7e-m/fpu/libc_nano.a(lib_a-nano-vfprintf_i.o)
                0x00000000080035c0                _printf_common
 .text._printf_i
                0x00000000080036ac      0x240 /home/hp/Programa/Atollic/ARMTools/bin/../lib/gcc/arm-atollic-eabi/6.3.1/../../../../arm-atollic-eabi/lib/armv7e-m/fpu/libc_nano.a(lib_a-nano-vfprintf_i.o)
                0x00000000080036ac                _printf_i
 .text._sbrk_r  0x00000000080038ec       0x20 /home/hp/Programa/Atollic/ARMTools/bin/../lib/gcc/arm-atollic-eabi/6.3.1/../../../../arm-atollic-eabi/lib/armv7e-m/fpu/libc_nano.a(lib_a-sbrkr.o)
                0x00000000080038ec                _sbrk_r
 .text.memmove  0x000000000800390c       0x34 /home/hp/Programa/Atollic/ARMTools/bin/../lib/gcc/arm-atollic-eabi/6.3.1/../../../../arm-atollic-eabi/lib/armv7e-m/fpu/libc_nano.a(lib_a-memmove.o)
                0x000000000800390c                memmove
 .text.__malloc_lock
                0x0000000008003940        0x2 /home/hp/Programa/Atollic/ARMTools/bin/../lib/gcc/arm-atollic-eabi/6.3.1/../../../../arm-atollic-eabi/lib/armv7e-m/fpu/libc_nano.a(lib_a-mlock.o)
                0x0000000008003940                __malloc_lock
 .text.__malloc_unlock
                0x0000000008003942        0x2 /home/hp/Programa/Atollic/ARMTools/bin/../lib/gcc/arm-atollic-eabi/6.3.1/../../../../arm-atollic-eabi/lib/armv7e-m/fpu/libc_nano.a(lib_a-mlock.o)
                0x0000000008003942                __malloc_unlock
 .text._free_r  0x0000000008003944       0x9c /home/hp/Programa/Atollic/ARMTools/bin/../lib/gcc/arm-atollic-eabi/6.3.1/../../../../arm-atollic-eabi/lib/armv7e-m/fpu/libc_nano.a(lib_a-nano-freer.o)
                0x0000000008003944                _free_r
 .text._realloc_r
                0x00000000080039e0       0x4c /home/hp/Programa/Atollic/ARMTools/bin/../lib/gcc/arm-atollic-eabi/6.3.1/../../../../arm-atollic-eabi/lib/armv7e-m/fpu/libc_nano.a(lib_a-nano-reallocr.o)
                0x00000000080039e0                _realloc_r
 .text._malloc_usable_size_r
                0x0000000008003a2c       0x12 /home/hp/Programa/Atollic/ARMTools/bin/../lib/gcc/arm-atollic-eabi/6.3.1/../../../../arm-atollic-eabi/lib/armv7e-m/fpu/libc_nano.a(lib_a-nano-msizer.o)
                0x0000000008003a2c                _malloc_usable_size_r
 *(.glue_7)
 .glue_7        0x0000000008003a3e        0x0 linker stubs
 *(.glue_7t)
 .glue_7t       0x0000000008003a3e        0x0 linker stubs
 *(.eh_frame)
 *fill*         0x0000000008003a3e        0x2 
 .eh_frame      0x0000000008003a40        0x0 /home/hp/Programa/Atollic/ARMTools/bin/../lib/gcc/arm-atollic-eabi/6.3.1/armv7e-m/fpu/crtbegin.o
 *(.init)
 .init          0x0000000008003a40        0x4 /home/hp/Programa/Atollic/ARMTools/bin/../lib/gcc/arm-atollic-eabi/6.3.1/armv7e-m/fpu/crti.o
                0x0000000008003a40                _init
 .init          0x0000000008003a44        0x8 /home/hp/Programa/Atollic/ARMTools/bin/../lib/gcc/arm-atollic-eabi/6.3.1/armv7e-m/fpu/crtn.o
 *(.fini)
 .fini          0x0000000008003a4c        0x4 /home/hp/Programa/Atollic/ARMTools/bin/../lib/gcc/arm-atollic-eabi/6.3.1/armv7e-m/fpu/crti.o
                0x0000000008003a4c                _fini
 .fini          0x0000000008003a50        0x8 /home/hp/Programa/Atollic/ARMTools/bin/../lib/gcc/arm-atollic-eabi/6.3.1/armv7e-m/fpu/crtn.o
                0x0000000008003a58                . = ALIGN (0x4)
                0x0000000008003a58                _etext = .

.vfp11_veneer   0x0000000008003a58        0x0
 .vfp11_veneer  0x0000000008003a58        0x0 linker stubs

.v4_bx          0x0000000008003a58        0x0
 .v4_bx         0x0000000008003a58        0x0 linker stubs

.iplt           0x0000000008003a58        0x0
 .iplt          0x0000000008003a58        0x0 /home/hp/Programa/Atollic/ARMTools/bin/../lib/gcc/arm-atollic-eabi/6.3.1/armv7e-m/fpu/crtbegin.o

.rodata         0x0000000008003a58      0x2fc
                0x0000000008003a58                . = ALIGN (0x4)
 *(.rodata)
 .rodata        0x0000000008003a58      0x230 Src/main.o
 *(.rodata*)
 .rodata.main.str1.1
                0x0000000008003c88       0x20 Src/main.o
 .rodata.AHBPrescTable
                0x0000000008003ca8       0x10 Src/system_stm32f4xx.o
                0x0000000008003ca8                AHBPrescTable
 .rodata.APBPrescTable
                0x0000000008003cb8        0x8 Src/system_stm32f4xx.o
                0x0000000008003cb8                APBPrescTable
 .rodata.__sf_fake_stderr
                0x0000000008003cc0       0x20 /home/hp/Programa/Atollic/ARMTools/bin/../lib/gcc/arm-atollic-eabi/6.3.1/../../../../arm-atollic-eabi/lib/armv7e-m/fpu/libc_nano.a(lib_a-findfp.o)
                0x0000000008003cc0                __sf_fake_stderr
 .rodata.__sf_fake_stdin
                0x0000000008003ce0       0x20 /home/hp/Programa/Atollic/ARMTools/bin/../lib/gcc/arm-atollic-eabi/6.3.1/../../../../arm-atollic-eabi/lib/armv7e-m/fpu/libc_nano.a(lib_a-findfp.o)
                0x0000000008003ce0                __sf_fake_stdin
 .rodata.__sf_fake_stdout
                0x0000000008003d00       0x20 /home/hp/Programa/Atollic/ARMTools/bin/../lib/gcc/arm-atollic-eabi/6.3.1/../../../../arm-atollic-eabi/lib/armv7e-m/fpu/libc_nano.a(lib_a-findfp.o)
                0x0000000008003d00                __sf_fake_stdout
 .rodata._svfprintf_r.str1.1
                0x0000000008003d20       0x11 /home/hp/Programa/Atollic/ARMTools/bin/../lib/gcc/arm-atollic-eabi/6.3.1/../../../../arm-atollic-eabi/lib/armv7e-m/fpu/libc_nano.a(lib_a-nano-svfprintf.o)
 .rodata._printf_i.str1.1
                0x0000000008003d31       0x22 /home/hp/Programa/Atollic/ARMTools/bin/../lib/gcc/arm-atollic-eabi/6.3.1/../../../../arm-atollic-eabi/lib/armv7e-m/fpu/libc_nano.a(lib_a-nano-vfprintf_i.o)
                0x0000000008003d54                . = ALIGN (0x4)
 *fill*         0x0000000008003d53        0x1 

.ARM.extab
 *(.ARM.extab* .gnu.linkonce.armextab.*)

.ARM            0x0000000008003d54        0x8
                0x0000000008003d54                __exidx_start = .
 *(.ARM.exidx*)
 .ARM.exidx     0x0000000008003d54        0x8 /home/hp/Programa/Atollic/ARMTools/bin/../lib/gcc/arm-atollic-eabi/6.3.1/armv7e-m/fpu/libgcc.a(_udivmoddi4.o)
                0x0000000008003d5c                __exidx_end = .

.rel.dyn        0x0000000008003d5c        0x0
 .rel.iplt      0x0000000008003d5c        0x0 /home/hp/Programa/Atollic/ARMTools/bin/../lib/gcc/arm-atollic-eabi/6.3.1/armv7e-m/fpu/crtbegin.o

.preinit_array  0x0000000008003d5c        0x0
                0x0000000008003d5c                PROVIDE (__preinit_array_start, .)
 *(.preinit_array*)
                0x0000000008003d5c                PROVIDE (__preinit_array_end, .)

.init_array     0x0000000008003d5c        0x4
                0x0000000008003d5c                PROVIDE (__init_array_start, .)
 *(SORT(.init_array.*))
 *(.init_array*)
 .init_array    0x0000000008003d5c        0x4 /home/hp/Programa/Atollic/ARMTools/bin/../lib/gcc/arm-atollic-eabi/6.3.1/armv7e-m/fpu/crtbegin.o
                0x0000000008003d60                PROVIDE (__init_array_end, .)

.fini_array     0x0000000008003d60        0x4
                [!provide]                        PROVIDE (__fini_array_start, .)
 *(SORT(.fini_array.*))
 *(.fini_array*)
 .fini_array    0x0000000008003d60        0x4 /home/hp/Programa/Atollic/ARMTools/bin/../lib/gcc/arm-atollic-eabi/6.3.1/armv7e-m/fpu/crtbegin.o
                [!provide]                        PROVIDE (__fini_array_end, .)
                0x0000000008003d64                _sidata = LOADADDR (.data)

.data           0x0000000020000000       0x78 load address 0x0000000008003d64
                0x0000000020000000                . = ALIGN (0x4)
                0x0000000020000000                _sdata = .
 *(.data)
 *(.data*)
 .data.uwTickFreq
                0x0000000020000000        0x1 Drivers/STM32F4xx_HAL_Driver/Src/stm32f4xx_hal.o
                0x0000000020000000                uwTickFreq
 *fill*         0x0000000020000001        0x3 
 .data.uwTickPrio
                0x0000000020000004        0x4 Drivers/STM32F4xx_HAL_Driver/Src/stm32f4xx_hal.o
                0x0000000020000004                uwTickPrio
 .data.DisplayControl
                0x0000000020000008        0x1 Src/MCP23017_LCD1602A/LCD16X2.o
 .data.FunctionSet
                0x0000000020000009        0x1 Src/MCP23017_LCD1602A/LCD16X2.o
 .data.mode_8_4_I2C
                0x000000002000000a        0x1 Src/MCP23017_LCD1602A/LCD16X2.o
 *fill*         0x000000002000000b        0x1 
 .data.writeTimeConstant
                0x000000002000000c        0x4 Src/MCP23017_LCD1602A/LCD16X2.o
                0x000000002000000c                writeTimeConstant
 .data.SystemCoreClock
                0x0000000020000010        0x4 Src/system_stm32f4xx.o
                0x0000000020000010                SystemCoreClock
 .data._impure_ptr
                0x0000000020000014        0x4 /home/hp/Programa/Atollic/ARMTools/bin/../lib/gcc/arm-atollic-eabi/6.3.1/../../../../arm-atollic-eabi/lib/armv7e-m/fpu/libc_nano.a(lib_a-impure.o)
                0x0000000020000014                _impure_ptr
 .data.impure_data
                0x0000000020000018       0x60 /home/hp/Programa/Atollic/ARMTools/bin/../lib/gcc/arm-atollic-eabi/6.3.1/../../../../arm-atollic-eabi/lib/armv7e-m/fpu/libc_nano.a(lib_a-impure.o)
                0x0000000020000078                . = ALIGN (0x4)
                0x0000000020000078                _edata = .

.igot.plt       0x0000000020000078        0x0 load address 0x0000000008003ddc
 .igot.plt      0x0000000020000078        0x0 /home/hp/Programa/Atollic/ARMTools/bin/../lib/gcc/arm-atollic-eabi/6.3.1/armv7e-m/fpu/crtbegin.o
                0x0000000020000078                . = ALIGN (0x4)

.bss            0x0000000020000078      0x1e0 load address 0x0000000008003ddc
                0x0000000020000078                _sbss = .
                0x0000000020000078                __bss_start__ = _sbss
 *(.bss)
 .bss           0x0000000020000078       0x1c /home/hp/Programa/Atollic/ARMTools/bin/../lib/gcc/arm-atollic-eabi/6.3.1/armv7e-m/fpu/crtbegin.o
 *(.bss*)
 .bss.DevAddress
                0x0000000020000094        0x2 Src/MCP23017_LCD1602A/LCD16X2.o
 .bss.GPIO_Pin_LED
                0x0000000020000096        0x2 Src/MCP23017_LCD1602A/LCD16X2.o
 .bss.GPIOx     0x0000000020000098        0x4 Src/MCP23017_LCD1602A/LCD16X2.o
 .bss.Timeout   0x000000002000009c        0x4 Src/MCP23017_LCD1602A/LCD16X2.o
 .bss.hi2c1     0x00000000200000a0       0x54 Src/MCP23017_LCD1602A/LCD16X2.o
 .bss.pData_A_side
                0x00000000200000f4        0x2 Src/MCP23017_LCD1602A/LCD16X2.o
 .bss.pData_B_side
                0x00000000200000f6        0x2 Src/MCP23017_LCD1602A/LCD16X2.o
 .bss.GPIO_Pin  0x00000000200000f8        0x2 Src/MCP3008/MCP3008.o
 *fill*         0x00000000200000fa        0x2 
 .bss.GPIOx     0x00000000200000fc        0x4 Src/MCP3008/MCP3008.o
 .bss.hspi      0x0000000020000100       0x58 Src/MCP3008/MCP3008.o
 .bss.heap_end.7010
                0x0000000020000158        0x4 Src/syscalls.o
 .bss.__malloc_free_list
                0x000000002000015c        0x4 /home/hp/Programa/Atollic/ARMTools/bin/../lib/gcc/arm-atollic-eabi/6.3.1/../../../../arm-atollic-eabi/lib/armv7e-m/fpu/libc_nano.a(lib_a-nano-mallocr.o)
                0x000000002000015c                __malloc_free_list
 .bss.__malloc_sbrk_start
                0x0000000020000160        0x4 /home/hp/Programa/Atollic/ARMTools/bin/../lib/gcc/arm-atollic-eabi/6.3.1/../../../../arm-atollic-eabi/lib/armv7e-m/fpu/libc_nano.a(lib_a-nano-mallocr.o)
                0x0000000020000160                __malloc_sbrk_start
 *(COMMON)
 COMMON         0x0000000020000164        0x4 Drivers/STM32F4xx_HAL_Driver/Src/stm32f4xx_hal.o
                0x0000000020000164                uwTick
 COMMON         0x0000000020000168       0xec Src/main.o
                0x0000000020000168                hi2c1
                0x00000000200001bc                htim1
                0x00000000200001fc                hspi1
 COMMON         0x0000000020000254        0x4 /home/hp/Programa/Atollic/ARMTools/bin/../lib/gcc/arm-atollic-eabi/6.3.1/../../../../arm-atollic-eabi/lib/armv7e-m/fpu/libc_nano.a(lib_a-reent.o)
                0x0000000020000254                errno
                0x0000000020000258                . = ALIGN (0x4)
                0x0000000020000258                _ebss = .
                0x0000000020000258                __bss_end__ = _ebss

._user_heap_stack
                0x0000000020000258      0x600 load address 0x0000000008003ddc
                0x0000000020000258                . = ALIGN (0x4)
                0x0000000020000258                PROVIDE (end, .)
                [!provide]                        PROVIDE (_end, .)
                0x0000000020000458                . = (. + _Min_Heap_Size)
 *fill*         0x0000000020000258      0x200 
                0x0000000020000858                . = (. + _Min_Stack_Size)
 *fill*         0x0000000020000458      0x400 
                0x0000000020000858                . = ALIGN (0x4)

/DISCARD/
 libc.a(*)
 libm.a(*)
 libgcc.a(*)

.ARM.attributes
                0x0000000000000000       0x30
 *(.ARM.attributes)
 .ARM.attributes
                0x0000000000000000       0x22 /home/hp/Programa/Atollic/ARMTools/bin/../lib/gcc/arm-atollic-eabi/6.3.1/armv7e-m/fpu/crti.o
 .ARM.attributes
                0x0000000000000022       0x34 /home/hp/Programa/Atollic/ARMTools/bin/../lib/gcc/arm-atollic-eabi/6.3.1/armv7e-m/fpu/crtbegin.o
 .ARM.attributes
                0x0000000000000056       0x39 Drivers/STM32F4xx_HAL_Driver/Src/stm32f4xx_hal.o
 .ARM.attributes
                0x000000000000008f       0x39 Drivers/STM32F4xx_HAL_Driver/Src/stm32f4xx_hal_cortex.o
 .ARM.attributes
                0x00000000000000c8       0x39 Drivers/STM32F4xx_HAL_Driver/Src/stm32f4xx_hal_gpio.o
 .ARM.attributes
                0x0000000000000101       0x39 Drivers/STM32F4xx_HAL_Driver/Src/stm32f4xx_hal_i2c.o
 .ARM.attributes
                0x000000000000013a       0x39 Drivers/STM32F4xx_HAL_Driver/Src/stm32f4xx_hal_rcc.o
 .ARM.attributes
                0x0000000000000173       0x39 Drivers/STM32F4xx_HAL_Driver/Src/stm32f4xx_hal_spi.o
 .ARM.attributes
                0x00000000000001ac       0x39 Drivers/STM32F4xx_HAL_Driver/Src/stm32f4xx_hal_tim.o
 .ARM.attributes
                0x00000000000001e5       0x39 Drivers/STM32F4xx_HAL_Driver/Src/stm32f4xx_hal_tim_ex.o
 .ARM.attributes
                0x000000000000021e       0x39 Src/CControl/Sources/Algebra.o
 .ARM.attributes
                0x0000000000000257       0x39 Src/CControl/Sources/Estimation.o
 .ARM.attributes
                0x0000000000000290       0x39 Src/CControl/Sources/Feedback.o
 .ARM.attributes
                0x00000000000002c9       0x39 Src/CControl/Sources/Tools.o
 .ARM.attributes
                0x0000000000000302       0x39 Src/MCP23017_LCD1602A/LCD16X2.o
 .ARM.attributes
                0x000000000000033b       0x39 Src/MCP3008/MCP3008.o
 .ARM.attributes
                0x0000000000000374       0x39 Src/main.o
 .ARM.attributes
                0x00000000000003ad       0x39 Src/stm32f4xx_hal_msp.o
 .ARM.attributes
                0x00000000000003e6       0x39 Src/stm32f4xx_it.o
 .ARM.attributes
                0x000000000000041f       0x39 Src/syscalls.o
 .ARM.attributes
                0x0000000000000458       0x39 Src/system_stm32f4xx.o
 .ARM.attributes
                0x0000000000000491       0x21 startup/startup_stm32f401xe.o
 .ARM.attributes
                0x00000000000004b2       0x34 /home/hp/Programa/Atollic/ARMTools/bin/../lib/gcc/arm-atollic-eabi/6.3.1/../../../../arm-atollic-eabi/lib/armv7e-m/fpu/libc_nano.a(lib_a-errno.o)
 .ARM.attributes
                0x00000000000004e6       0x34 /home/hp/Programa/Atollic/ARMTools/bin/../lib/gcc/arm-atollic-eabi/6.3.1/../../../../arm-atollic-eabi/lib/armv7e-m/fpu/libc_nano.a(lib_a-impure.o)
 .ARM.attributes
                0x000000000000051a       0x34 /home/hp/Programa/Atollic/ARMTools/bin/../lib/gcc/arm-atollic-eabi/6.3.1/../../../../arm-atollic-eabi/lib/armv7e-m/fpu/libc_nano.a(lib_a-init.o)
 .ARM.attributes
                0x000000000000054e       0x34 /home/hp/Programa/Atollic/ARMTools/bin/../lib/gcc/arm-atollic-eabi/6.3.1/../../../../arm-atollic-eabi/lib/armv7e-m/fpu/libc_nano.a(lib_a-memcpy-stub.o)
 .ARM.attributes
                0x0000000000000582       0x34 /home/hp/Programa/Atollic/ARMTools/bin/../lib/gcc/arm-atollic-eabi/6.3.1/../../../../arm-atollic-eabi/lib/armv7e-m/fpu/libc_nano.a(lib_a-memset.o)
 .ARM.attributes
                0x00000000000005b6       0x34 /home/hp/Programa/Atollic/ARMTools/bin/../lib/gcc/arm-atollic-eabi/6.3.1/../../../../arm-atollic-eabi/lib/armv7e-m/fpu/libc_nano.a(lib_a-sprintf.o)
 .ARM.attributes
                0x00000000000005ea       0x34 /home/hp/Programa/Atollic/ARMTools/bin/../lib/gcc/arm-atollic-eabi/6.3.1/../../../../arm-atollic-eabi/lib/armv7e-m/fpu/libc_nano.a(lib_a-findfp.o)
 .ARM.attributes
                0x000000000000061e       0x34 /home/hp/Programa/Atollic/ARMTools/bin/../lib/gcc/arm-atollic-eabi/6.3.1/../../../../arm-atollic-eabi/lib/armv7e-m/fpu/libc_nano.a(lib_a-nano-mallocr.o)
 .ARM.attributes
                0x0000000000000652       0x34 /home/hp/Programa/Atollic/ARMTools/bin/../lib/gcc/arm-atollic-eabi/6.3.1/../../../../arm-atollic-eabi/lib/armv7e-m/fpu/libc_nano.a(lib_a-nano-svfprintf.o)
 .ARM.attributes
                0x0000000000000686       0x34 /home/hp/Programa/Atollic/ARMTools/bin/../lib/gcc/arm-atollic-eabi/6.3.1/../../../../arm-atollic-eabi/lib/armv7e-m/fpu/libc_nano.a(lib_a-nano-vfprintf_i.o)
 .ARM.attributes
                0x00000000000006ba       0x34 /home/hp/Programa/Atollic/ARMTools/bin/../lib/gcc/arm-atollic-eabi/6.3.1/../../../../arm-atollic-eabi/lib/armv7e-m/fpu/libc_nano.a(lib_a-sbrkr.o)
 .ARM.attributes
                0x00000000000006ee       0x20 /home/hp/Programa/Atollic/ARMTools/bin/../lib/gcc/arm-atollic-eabi/6.3.1/../../../../arm-atollic-eabi/lib/armv7e-m/fpu/libc_nano.a(lib_a-memchr.o)
 .ARM.attributes
                0x000000000000070e       0x34 /home/hp/Programa/Atollic/ARMTools/bin/../lib/gcc/arm-atollic-eabi/6.3.1/../../../../arm-atollic-eabi/lib/armv7e-m/fpu/libc_nano.a(lib_a-memmove.o)
 .ARM.attributes
                0x0000000000000742       0x34 /home/hp/Programa/Atollic/ARMTools/bin/../lib/gcc/arm-atollic-eabi/6.3.1/../../../../arm-atollic-eabi/lib/armv7e-m/fpu/libc_nano.a(lib_a-mlock.o)
 .ARM.attributes
                0x0000000000000776       0x34 /home/hp/Programa/Atollic/ARMTools/bin/../lib/gcc/arm-atollic-eabi/6.3.1/../../../../arm-atollic-eabi/lib/armv7e-m/fpu/libc_nano.a(lib_a-nano-freer.o)
 .ARM.attributes
                0x00000000000007aa       0x34 /home/hp/Programa/Atollic/ARMTools/bin/../lib/gcc/arm-atollic-eabi/6.3.1/../../../../arm-atollic-eabi/lib/armv7e-m/fpu/libc_nano.a(lib_a-nano-reallocr.o)
 .ARM.attributes
                0x00000000000007de       0x34 /home/hp/Programa/Atollic/ARMTools/bin/../lib/gcc/arm-atollic-eabi/6.3.1/../../../../arm-atollic-eabi/lib/armv7e-m/fpu/libc_nano.a(lib_a-reent.o)
 .ARM.attributes
                0x0000000000000812       0x34 /home/hp/Programa/Atollic/ARMTools/bin/../lib/gcc/arm-atollic-eabi/6.3.1/../../../../arm-atollic-eabi/lib/armv7e-m/fpu/libc_nano.a(lib_a-nano-msizer.o)
 .ARM.attributes
                0x0000000000000846       0x22 /home/hp/Programa/Atollic/ARMTools/bin/../lib/gcc/arm-atollic-eabi/6.3.1/armv7e-m/fpu/libgcc.a(_arm_addsubdf3.o)
 .ARM.attributes
                0x0000000000000868       0x22 /home/hp/Programa/Atollic/ARMTools/bin/../lib/gcc/arm-atollic-eabi/6.3.1/armv7e-m/fpu/libgcc.a(_arm_muldivdf3.o)
 .ARM.attributes
                0x000000000000088a       0x22 /home/hp/Programa/Atollic/ARMTools/bin/../lib/gcc/arm-atollic-eabi/6.3.1/armv7e-m/fpu/libgcc.a(_arm_fixunsdfsi.o)
 .ARM.attributes
                0x00000000000008ac       0x22 /home/hp/Programa/Atollic/ARMTools/bin/../lib/gcc/arm-atollic-eabi/6.3.1/armv7e-m/fpu/libgcc.a(_aeabi_uldivmod.o)
 .ARM.attributes
                0x00000000000008ce       0x34 /home/hp/Programa/Atollic/ARMTools/bin/../lib/gcc/arm-atollic-eabi/6.3.1/armv7e-m/fpu/libgcc.a(_udivmoddi4.o)
 .ARM.attributes
                0x0000000000000902       0x22 /home/hp/Programa/Atollic/ARMTools/bin/../lib/gcc/arm-atollic-eabi/6.3.1/armv7e-m/fpu/libgcc.a(_dvmd_tls.o)
 .ARM.attributes
                0x0000000000000924       0x22 /home/hp/Programa/Atollic/ARMTools/bin/../lib/gcc/arm-atollic-eabi/6.3.1/armv7e-m/fpu/crtn.o
OUTPUT(Fan Controller.elf elf32-littlearm)

.debug_info     0x0000000000000000    0x16d76
 .debug_info    0x0000000000000000      0x97d Drivers/STM32F4xx_HAL_Driver/Src/stm32f4xx_hal.o
 .debug_info    0x000000000000097d      0xea3 Drivers/STM32F4xx_HAL_Driver/Src/stm32f4xx_hal_cortex.o
 .debug_info    0x0000000000001820      0x79c Drivers/STM32F4xx_HAL_Driver/Src/stm32f4xx_hal_gpio.o
 .debug_info    0x0000000000001fbc     0x3354 Drivers/STM32F4xx_HAL_Driver/Src/stm32f4xx_hal_i2c.o
 .debug_info    0x0000000000005310      0xa81 Drivers/STM32F4xx_HAL_Driver/Src/stm32f4xx_hal_rcc.o
 .debug_info    0x0000000000005d91     0x1d92 Drivers/STM32F4xx_HAL_Driver/Src/stm32f4xx_hal_spi.o
 .debug_info    0x0000000000007b23     0x34c7 Drivers/STM32F4xx_HAL_Driver/Src/stm32f4xx_hal_tim.o
 .debug_info    0x000000000000afea     0x12f6 Drivers/STM32F4xx_HAL_Driver/Src/stm32f4xx_hal_tim_ex.o
 .debug_info    0x000000000000c2e0      0xf92 Src/CControl/Sources/Algebra.o
 .debug_info    0x000000000000d272      0xbe1 Src/CControl/Sources/Estimation.o
 .debug_info    0x000000000000de53     0x135f Src/CControl/Sources/Feedback.o
 .debug_info    0x000000000000f1b2      0xb43 Src/CControl/Sources/Tools.o
 .debug_info    0x000000000000fcf5     0x1ddb Src/MCP23017_LCD1602A/LCD16X2.o
 .debug_info    0x0000000000011ad0      0x857 Src/MCP3008/MCP3008.o
 .debug_info    0x0000000000012327     0x21da Src/main.o
 .debug_info    0x0000000000014501     0x1128 Src/stm32f4xx_hal_msp.o
 .debug_info    0x0000000000015629      0x1b7 Src/stm32f4xx_it.o
 .debug_info    0x00000000000157e0      0xfe1 Src/syscalls.o
 .debug_info    0x00000000000167c1      0x534 Src/system_stm32f4xx.o
 .debug_info    0x0000000000016cf5       0x81 startup/startup_stm32f401xe.o

.debug_abbrev   0x0000000000000000     0x3142
 .debug_abbrev  0x0000000000000000      0x268 Drivers/STM32F4xx_HAL_Driver/Src/stm32f4xx_hal.o
 .debug_abbrev  0x0000000000000268      0x314 Drivers/STM32F4xx_HAL_Driver/Src/stm32f4xx_hal_cortex.o
 .debug_abbrev  0x000000000000057c      0x1ef Drivers/STM32F4xx_HAL_Driver/Src/stm32f4xx_hal_gpio.o
 .debug_abbrev  0x000000000000076b      0x3a8 Drivers/STM32F4xx_HAL_Driver/Src/stm32f4xx_hal_i2c.o
 .debug_abbrev  0x0000000000000b13      0x2cb Drivers/STM32F4xx_HAL_Driver/Src/stm32f4xx_hal_rcc.o
 .debug_abbrev  0x0000000000000dde      0x335 Drivers/STM32F4xx_HAL_Driver/Src/stm32f4xx_hal_spi.o
 .debug_abbrev  0x0000000000001113      0x333 Drivers/STM32F4xx_HAL_Driver/Src/stm32f4xx_hal_tim.o
 .debug_abbrev  0x0000000000001446      0x2ab Drivers/STM32F4xx_HAL_Driver/Src/stm32f4xx_hal_tim_ex.o
 .debug_abbrev  0x00000000000016f1      0x294 Src/CControl/Sources/Algebra.o
 .debug_abbrev  0x0000000000001985      0x218 Src/CControl/Sources/Estimation.o
 .debug_abbrev  0x0000000000001b9d      0x322 Src/CControl/Sources/Feedback.o
 .debug_abbrev  0x0000000000001ebf      0x24b Src/CControl/Sources/Tools.o
 .debug_abbrev  0x000000000000210a      0x415 Src/MCP23017_LCD1602A/LCD16X2.o
 .debug_abbrev  0x000000000000251f      0x1d9 Src/MCP3008/MCP3008.o
 .debug_abbrev  0x00000000000026f8      0x328 Src/main.o
 .debug_abbrev  0x0000000000002a20      0x22f Src/stm32f4xx_hal_msp.o
 .debug_abbrev  0x0000000000002c4f       0xfa Src/stm32f4xx_it.o
 .debug_abbrev  0x0000000000002d49      0x2d9 Src/syscalls.o
 .debug_abbrev  0x0000000000003022      0x10e Src/system_stm32f4xx.o
 .debug_abbrev  0x0000000000003130       0x12 startup/startup_stm32f401xe.o

.debug_loc      0x0000000000000000     0xa8ef
 .debug_loc     0x0000000000000000      0x11b Drivers/STM32F4xx_HAL_Driver/Src/stm32f4xx_hal.o
 .debug_loc     0x000000000000011b      0x4fb Drivers/STM32F4xx_HAL_Driver/Src/stm32f4xx_hal_cortex.o
 .debug_loc     0x0000000000000616      0x321 Drivers/STM32F4xx_HAL_Driver/Src/stm32f4xx_hal_gpio.o
 .debug_loc     0x0000000000000937     0x2f30 Drivers/STM32F4xx_HAL_Driver/Src/stm32f4xx_hal_i2c.o
 .debug_loc     0x0000000000003867      0x336 Drivers/STM32F4xx_HAL_Driver/Src/stm32f4xx_hal_rcc.o
 .debug_loc     0x0000000000003b9d     0x1830 Drivers/STM32F4xx_HAL_Driver/Src/stm32f4xx_hal_spi.o
 .debug_loc     0x00000000000053cd     0x2f57 Drivers/STM32F4xx_HAL_Driver/Src/stm32f4xx_hal_tim.o
 .debug_loc     0x0000000000008324      0xa7c Drivers/STM32F4xx_HAL_Driver/Src/stm32f4xx_hal_tim_ex.o
 .debug_loc     0x0000000000008da0      0x94f Src/CControl/Sources/Algebra.o
 .debug_loc     0x00000000000096ef       0x9a Src/CControl/Sources/Estimation.o
 .debug_loc     0x0000000000009789      0x575 Src/CControl/Sources/Feedback.o
 .debug_loc     0x0000000000009cfe      0x227 Src/CControl/Sources/Tools.o
 .debug_loc     0x0000000000009f25      0x310 Src/MCP23017_LCD1602A/LCD16X2.o
 .debug_loc     0x000000000000a235       0x21 Src/MCP3008/MCP3008.o
 .debug_loc     0x000000000000a256       0xb2 Src/main.o
 .debug_loc     0x000000000000a308       0xdc Src/stm32f4xx_hal_msp.o
 .debug_loc     0x000000000000a3e4      0x3ef Src/syscalls.o
 .debug_loc     0x000000000000a7d3      0x11c Src/system_stm32f4xx.o

.debug_aranges  0x0000000000000000      0xcd8
 .debug_aranges
                0x0000000000000000       0xe8 Drivers/STM32F4xx_HAL_Driver/Src/stm32f4xx_hal.o
 .debug_aranges
                0x00000000000000e8       0xa8 Drivers/STM32F4xx_HAL_Driver/Src/stm32f4xx_hal_cortex.o
 .debug_aranges
                0x0000000000000190       0x58 Drivers/STM32F4xx_HAL_Driver/Src/stm32f4xx_hal_gpio.o
 .debug_aranges
                0x00000000000001e8      0x1b0 Drivers/STM32F4xx_HAL_Driver/Src/stm32f4xx_hal_i2c.o
 .debug_aranges
                0x0000000000000398       0x88 Drivers/STM32F4xx_HAL_Driver/Src/stm32f4xx_hal_rcc.o
 .debug_aranges
                0x0000000000000420      0x188 Drivers/STM32F4xx_HAL_Driver/Src/stm32f4xx_hal_spi.o
 .debug_aranges
                0x00000000000005a8      0x278 Drivers/STM32F4xx_HAL_Driver/Src/stm32f4xx_hal_tim.o
 .debug_aranges
                0x0000000000000820       0xf8 Drivers/STM32F4xx_HAL_Driver/Src/stm32f4xx_hal_tim_ex.o
 .debug_aranges
                0x0000000000000918       0x48 Src/CControl/Sources/Algebra.o
 .debug_aranges
                0x0000000000000960       0x20 Src/CControl/Sources/Estimation.o
 .debug_aranges
                0x0000000000000980       0x40 Src/CControl/Sources/Feedback.o
 .debug_aranges
                0x00000000000009c0       0x30 Src/CControl/Sources/Tools.o
 .debug_aranges
                0x00000000000009f0       0xf0 Src/MCP23017_LCD1602A/LCD16X2.o
 .debug_aranges
                0x0000000000000ae0       0x28 Src/MCP3008/MCP3008.o
 .debug_aranges
                0x0000000000000b08       0x30 Src/main.o
 .debug_aranges
                0x0000000000000b38       0x58 Src/stm32f4xx_hal_msp.o
 .debug_aranges
                0x0000000000000b90       0x48 Src/stm32f4xx_it.o
 .debug_aranges
                0x0000000000000bd8       0xb0 Src/syscalls.o
 .debug_aranges
                0x0000000000000c88       0x28 Src/system_stm32f4xx.o
 .debug_aranges
                0x0000000000000cb0       0x28 startup/startup_stm32f401xe.o

.debug_ranges   0x0000000000000000     0x1430
 .debug_ranges  0x0000000000000000       0xd8 Drivers/STM32F4xx_HAL_Driver/Src/stm32f4xx_hal.o
 .debug_ranges  0x00000000000000d8      0x128 Drivers/STM32F4xx_HAL_Driver/Src/stm32f4xx_hal_cortex.o
 .debug_ranges  0x0000000000000200       0x68 Drivers/STM32F4xx_HAL_Driver/Src/stm32f4xx_hal_gpio.o
 .debug_ranges  0x0000000000000268      0x3d0 Drivers/STM32F4xx_HAL_Driver/Src/stm32f4xx_hal_i2c.o
 .debug_ranges  0x0000000000000638       0xb0 Drivers/STM32F4xx_HAL_Driver/Src/stm32f4xx_hal_rcc.o
 .debug_ranges  0x00000000000006e8      0x238 Drivers/STM32F4xx_HAL_Driver/Src/stm32f4xx_hal_spi.o
 .debug_ranges  0x0000000000000920      0x340 Drivers/STM32F4xx_HAL_Driver/Src/stm32f4xx_hal_tim.o
 .debug_ranges  0x0000000000000c60       0xe8 Drivers/STM32F4xx_HAL_Driver/Src/stm32f4xx_hal_tim_ex.o
 .debug_ranges  0x0000000000000d48      0x1d8 Src/CControl/Sources/Algebra.o
 .debug_ranges  0x0000000000000f20       0x30 Src/CControl/Sources/Estimation.o
 .debug_ranges  0x0000000000000f50       0x48 Src/CControl/Sources/Feedback.o
 .debug_ranges  0x0000000000000f98       0x38 Src/CControl/Sources/Tools.o
 .debug_ranges  0x0000000000000fd0      0x170 Src/MCP23017_LCD1602A/LCD16X2.o
 .debug_ranges  0x0000000000001140       0x18 Src/MCP3008/MCP3008.o
 .debug_ranges  0x0000000000001158      0x120 Src/main.o
 .debug_ranges  0x0000000000001278       0xa8 Src/stm32f4xx_hal_msp.o
 .debug_ranges  0x0000000000001320       0x38 Src/stm32f4xx_it.o
 .debug_ranges  0x0000000000001358       0xa0 Src/syscalls.o
 .debug_ranges  0x00000000000013f8       0x18 Src/system_stm32f4xx.o
 .debug_ranges  0x0000000000001410       0x20 startup/startup_stm32f401xe.o

.debug_line     0x0000000000000000     0x6d88
 .debug_line    0x0000000000000000      0x3db Drivers/STM32F4xx_HAL_Driver/Src/stm32f4xx_hal.o
 .debug_line    0x00000000000003db      0x416 Drivers/STM32F4xx_HAL_Driver/Src/stm32f4xx_hal_cortex.o
 .debug_line    0x00000000000007f1      0x389 Drivers/STM32F4xx_HAL_Driver/Src/stm32f4xx_hal_gpio.o
 .debug_line    0x0000000000000b7a     0x1bb1 Drivers/STM32F4xx_HAL_Driver/Src/stm32f4xx_hal_i2c.o
 .debug_line    0x000000000000272b      0x4b4 Drivers/STM32F4xx_HAL_Driver/Src/stm32f4xx_hal_rcc.o
 .debug_line    0x0000000000002bdf      0xb3b Drivers/STM32F4xx_HAL_Driver/Src/stm32f4xx_hal_spi.o
 .debug_line    0x000000000000371a     0x108b Drivers/STM32F4xx_HAL_Driver/Src/stm32f4xx_hal_tim.o
 .debug_line    0x00000000000047a5      0x63d Drivers/STM32F4xx_HAL_Driver/Src/stm32f4xx_hal_tim_ex.o
 .debug_line    0x0000000000004de2      0x367 Src/CControl/Sources/Algebra.o
 .debug_line    0x0000000000005149      0x16e Src/CControl/Sources/Estimation.o
 .debug_line    0x00000000000052b7      0x21f Src/CControl/Sources/Feedback.o
 .debug_line    0x00000000000054d6      0x199 Src/CControl/Sources/Tools.o
 .debug_line    0x000000000000566f      0x596 Src/MCP23017_LCD1602A/LCD16X2.o
 .debug_line    0x0000000000005c05      0x222 Src/MCP3008/MCP3008.o
 .debug_line    0x0000000000005e27      0x529 Src/main.o
 .debug_line    0x0000000000006350      0x303 Src/stm32f4xx_hal_msp.o
 .debug_line    0x0000000000006653      0x1dd Src/stm32f4xx_it.o
 .debug_line    0x0000000000006830      0x33b Src/syscalls.o
 .debug_line    0x0000000000006b6b      0x19e Src/system_stm32f4xx.o
 .debug_line    0x0000000000006d09       0x7f startup/startup_stm32f401xe.o

.debug_str      0x0000000000000000     0x4a3e
 .debug_str     0x0000000000000000      0xa00 Drivers/STM32F4xx_HAL_Driver/Src/stm32f4xx_hal.o
                                        0xa6e (size before relaxing)
 .debug_str     0x0000000000000a00      0x4a8 Drivers/STM32F4xx_HAL_Driver/Src/stm32f4xx_hal_cortex.o
                                        0xb27 (size before relaxing)
 .debug_str     0x0000000000000ea8      0x1d8 Drivers/STM32F4xx_HAL_Driver/Src/stm32f4xx_hal_gpio.o
                                        0x561 (size before relaxing)
 .debug_str     0x0000000000001080      0xd56 Drivers/STM32F4xx_HAL_Driver/Src/stm32f4xx_hal_i2c.o
                                       0x1061 (size before relaxing)
 .debug_str     0x0000000000001dd6      0x2c9 Drivers/STM32F4xx_HAL_Driver/Src/stm32f4xx_hal_rcc.o
                                        0x734 (size before relaxing)
 .debug_str     0x000000000000209f      0x6e3 Drivers/STM32F4xx_HAL_Driver/Src/stm32f4xx_hal_spi.o
                                        0xc38 (size before relaxing)
 .debug_str     0x0000000000002782      0xfea Drivers/STM32F4xx_HAL_Driver/Src/stm32f4xx_hal_tim.o
                                       0x152c (size before relaxing)
 .debug_str     0x000000000000376c      0x548 Drivers/STM32F4xx_HAL_Driver/Src/stm32f4xx_hal_tim_ex.o
                                        0xd44 (size before relaxing)
 .debug_str     0x0000000000003cb4      0x451 Src/CControl/Sources/Algebra.o
                                        0x677 (size before relaxing)
 .debug_str     0x0000000000004105       0x46 Src/CControl/Sources/Estimation.o
                                        0x616 (size before relaxing)
 .debug_str     0x000000000000414b       0x8f Src/CControl/Sources/Feedback.o
                                        0x67c (size before relaxing)
 .debug_str     0x00000000000041da       0x9b Src/CControl/Sources/Tools.o
                                        0x678 (size before relaxing)
 .debug_str     0x0000000000004275      0x338 Src/MCP23017_LCD1602A/LCD16X2.o
                                       0x111a (size before relaxing)
 .debug_str     0x00000000000045ad       0x53 Src/MCP3008/MCP3008.o
                                        0x746 (size before relaxing)
 .debug_str     0x0000000000004600       0xe2 Src/main.o
                                       0x1620 (size before relaxing)
 .debug_str     0x00000000000046e2       0x25 Src/stm32f4xx_hal_msp.o
                                        0xd29 (size before relaxing)
 .debug_str     0x0000000000004707       0xa6 Src/stm32f4xx_it.o
                                        0x2bf (size before relaxing)
 .debug_str     0x00000000000047ad      0x24c Src/syscalls.o
                                        0x883 (size before relaxing)
 .debug_str     0x00000000000049f9       0x45 Src/system_stm32f4xx.o
                                        0x3c5 (size before relaxing)

.comment        0x0000000000000000       0x7c
 .comment       0x0000000000000000       0x7c Drivers/STM32F4xx_HAL_Driver/Src/stm32f4xx_hal.o
                                         0x7d (size before relaxing)
 .comment       0x000000000000007c       0x7d Drivers/STM32F4xx_HAL_Driver/Src/stm32f4xx_hal_cortex.o
 .comment       0x000000000000007c       0x7d Drivers/STM32F4xx_HAL_Driver/Src/stm32f4xx_hal_gpio.o
 .comment       0x000000000000007c       0x7d Drivers/STM32F4xx_HAL_Driver/Src/stm32f4xx_hal_i2c.o
 .comment       0x000000000000007c       0x7d Drivers/STM32F4xx_HAL_Driver/Src/stm32f4xx_hal_rcc.o
 .comment       0x000000000000007c       0x7d Drivers/STM32F4xx_HAL_Driver/Src/stm32f4xx_hal_spi.o
 .comment       0x000000000000007c       0x7d Drivers/STM32F4xx_HAL_Driver/Src/stm32f4xx_hal_tim.o
 .comment       0x000000000000007c       0x7d Drivers/STM32F4xx_HAL_Driver/Src/stm32f4xx_hal_tim_ex.o
 .comment       0x000000000000007c       0x7d Src/CControl/Sources/Algebra.o
 .comment       0x000000000000007c       0x7d Src/CControl/Sources/Estimation.o
 .comment       0x000000000000007c       0x7d Src/CControl/Sources/Feedback.o
 .comment       0x000000000000007c       0x7d Src/CControl/Sources/Tools.o
 .comment       0x000000000000007c       0x7d Src/MCP23017_LCD1602A/LCD16X2.o
 .comment       0x000000000000007c       0x7d Src/MCP3008/MCP3008.o
 .comment       0x000000000000007c       0x7d Src/main.o
 .comment       0x000000000000007c       0x7d Src/stm32f4xx_hal_msp.o
 .comment       0x000000000000007c       0x7d Src/stm32f4xx_it.o
 .comment       0x000000000000007c       0x7d Src/syscalls.o
 .comment       0x000000000000007c       0x7d Src/system_stm32f4xx.o

.debug_frame    0x0000000000000000     0x2e94
 .debug_frame   0x0000000000000000      0x1f0 Drivers/STM32F4xx_HAL_Driver/Src/stm32f4xx_hal.o
 .debug_frame   0x00000000000001f0      0x158 Drivers/STM32F4xx_HAL_Driver/Src/stm32f4xx_hal_cortex.o
 .debug_frame   0x0000000000000348       0xd8 Drivers/STM32F4xx_HAL_Driver/Src/stm32f4xx_hal_gpio.o
 .debug_frame   0x0000000000000420      0x704 Drivers/STM32F4xx_HAL_Driver/Src/stm32f4xx_hal_i2c.o
 .debug_frame   0x0000000000000b24      0x13c Drivers/STM32F4xx_HAL_Driver/Src/stm32f4xx_hal_rcc.o
 .debug_frame   0x0000000000000c60      0x574 Drivers/STM32F4xx_HAL_Driver/Src/stm32f4xx_hal_spi.o
 .debug_frame   0x00000000000011d4      0x928 Drivers/STM32F4xx_HAL_Driver/Src/stm32f4xx_hal_tim.o
 .debug_frame   0x0000000000001afc      0x360 Drivers/STM32F4xx_HAL_Driver/Src/stm32f4xx_hal_tim_ex.o
 .debug_frame   0x0000000000001e5c      0x154 Src/CControl/Sources/Algebra.o
 .debug_frame   0x0000000000001fb0       0x3c Src/CControl/Sources/Estimation.o
 .debug_frame   0x0000000000001fec       0xf8 Src/CControl/Sources/Feedback.o
 .debug_frame   0x00000000000020e4       0x60 Src/CControl/Sources/Tools.o
 .debug_frame   0x0000000000002144      0x2f0 Src/MCP23017_LCD1602A/LCD16X2.o
 .debug_frame   0x0000000000002434       0x58 Src/MCP3008/MCP3008.o
 .debug_frame   0x000000000000248c       0x74 Src/main.o
 .debug_frame   0x0000000000002500       0xe4 Src/stm32f4xx_hal_msp.o
 .debug_frame   0x00000000000025e4       0xa0 Src/stm32f4xx_it.o
 .debug_frame   0x0000000000002684      0x1a8 Src/syscalls.o
 .debug_frame   0x000000000000282c       0x38 Src/system_stm32f4xx.o
 .debug_frame   0x0000000000002864       0x20 /home/hp/Programa/Atollic/ARMTools/bin/../lib/gcc/arm-atollic-eabi/6.3.1/../../../../arm-atollic-eabi/lib/armv7e-m/fpu/libc_nano.a(lib_a-errno.o)
 .debug_frame   0x0000000000002884       0x2c /home/hp/Programa/Atollic/ARMTools/bin/../lib/gcc/arm-atollic-eabi/6.3.1/../../../../arm-atollic-eabi/lib/armv7e-m/fpu/libc_nano.a(lib_a-init.o)
 .debug_frame   0x00000000000028b0       0x28 /home/hp/Programa/Atollic/ARMTools/bin/../lib/gcc/arm-atollic-eabi/6.3.1/../../../../arm-atollic-eabi/lib/armv7e-m/fpu/libc_nano.a(lib_a-memcpy-stub.o)
 .debug_frame   0x00000000000028d8       0x20 /home/hp/Programa/Atollic/ARMTools/bin/../lib/gcc/arm-atollic-eabi/6.3.1/../../../../arm-atollic-eabi/lib/armv7e-m/fpu/libc_nano.a(lib_a-memset.o)
 .debug_frame   0x00000000000028f8       0x70 /home/hp/Programa/Atollic/ARMTools/bin/../lib/gcc/arm-atollic-eabi/6.3.1/../../../../arm-atollic-eabi/lib/armv7e-m/fpu/libc_nano.a(lib_a-sprintf.o)
 .debug_frame   0x0000000000002968      0x11c /home/hp/Programa/Atollic/ARMTools/bin/../lib/gcc/arm-atollic-eabi/6.3.1/../../../../arm-atollic-eabi/lib/armv7e-m/fpu/libc_nano.a(lib_a-findfp.o)
 .debug_frame   0x0000000000002a84       0x2c /home/hp/Programa/Atollic/ARMTools/bin/../lib/gcc/arm-atollic-eabi/6.3.1/../../../../arm-atollic-eabi/lib/armv7e-m/fpu/libc_nano.a(lib_a-nano-mallocr.o)
 .debug_frame   0x0000000000002ab0       0x90 /home/hp/Programa/Atollic/ARMTools/bin/../lib/gcc/arm-atollic-eabi/6.3.1/../../../../arm-atollic-eabi/lib/armv7e-m/fpu/libc_nano.a(lib_a-nano-svfprintf.o)
 .debug_frame   0x0000000000002b40       0x60 /home/hp/Programa/Atollic/ARMTools/bin/../lib/gcc/arm-atollic-eabi/6.3.1/../../../../arm-atollic-eabi/lib/armv7e-m/fpu/libc_nano.a(lib_a-nano-vfprintf_i.o)
 .debug_frame   0x0000000000002ba0       0x2c /home/hp/Programa/Atollic/ARMTools/bin/../lib/gcc/arm-atollic-eabi/6.3.1/../../../../arm-atollic-eabi/lib/armv7e-m/fpu/libc_nano.a(lib_a-sbrkr.o)
 .debug_frame   0x0000000000002bcc       0x28 /home/hp/Programa/Atollic/ARMTools/bin/../lib/gcc/arm-atollic-eabi/6.3.1/../../../../arm-atollic-eabi/lib/armv7e-m/fpu/libc_nano.a(lib_a-memmove.o)
 .debug_frame   0x0000000000002bf4       0x30 /home/hp/Programa/Atollic/ARMTools/bin/../lib/gcc/arm-atollic-eabi/6.3.1/../../../../arm-atollic-eabi/lib/armv7e-m/fpu/libc_nano.a(lib_a-mlock.o)
 .debug_frame   0x0000000000002c24       0x38 /home/hp/Programa/Atollic/ARMTools/bin/../lib/gcc/arm-atollic-eabi/6.3.1/../../../../arm-atollic-eabi/lib/armv7e-m/fpu/libc_nano.a(lib_a-nano-freer.o)
 .debug_frame   0x0000000000002c5c       0x3c /home/hp/Programa/Atollic/ARMTools/bin/../lib/gcc/arm-atollic-eabi/6.3.1/../../../../arm-atollic-eabi/lib/armv7e-m/fpu/libc_nano.a(lib_a-nano-reallocr.o)
 .debug_frame   0x0000000000002c98       0x5c /home/hp/Programa/Atollic/ARMTools/bin/../lib/gcc/arm-atollic-eabi/6.3.1/../../../../arm-atollic-eabi/lib/armv7e-m/fpu/libc_nano.a(lib_a-reent.o)
 .debug_frame   0x0000000000002cf4       0x20 /home/hp/Programa/Atollic/ARMTools/bin/../lib/gcc/arm-atollic-eabi/6.3.1/../../../../arm-atollic-eabi/lib/armv7e-m/fpu/libc_nano.a(lib_a-nano-msizer.o)
 .debug_frame   0x0000000000002d14       0xac /home/hp/Programa/Atollic/ARMTools/bin/../lib/gcc/arm-atollic-eabi/6.3.1/armv7e-m/fpu/libgcc.a(_arm_addsubdf3.o)
 .debug_frame   0x0000000000002dc0       0x50 /home/hp/Programa/Atollic/ARMTools/bin/../lib/gcc/arm-atollic-eabi/6.3.1/armv7e-m/fpu/libgcc.a(_arm_muldivdf3.o)
 .debug_frame   0x0000000000002e10       0x24 /home/hp/Programa/Atollic/ARMTools/bin/../lib/gcc/arm-atollic-eabi/6.3.1/armv7e-m/fpu/libgcc.a(_arm_fixunsdfsi.o)
 .debug_frame   0x0000000000002e34       0x2c /home/hp/Programa/Atollic/ARMTools/bin/../lib/gcc/arm-atollic-eabi/6.3.1/armv7e-m/fpu/libgcc.a(_aeabi_uldivmod.o)
 .debug_frame   0x0000000000002e60       0x34 /home/hp/Programa/Atollic/ARMTools/bin/../lib/gcc/arm-atollic-eabi/6.3.1/armv7e-m/fpu/libgcc.a(_udivmoddi4.o)
