MCP2515.c:17:6:MCP2515_Initialize	16	static
MCP2515.c:35:6:MCP2515_SetConfigMode	16	static
MCP2515.c:54:6:MCP2515_SetNormalMode	16	static
MCP2515.c:73:6:MCP2515_SetSleepMode	16	static
MCP2515.c:92:6:MCP2515_Reset	8	static
MCP2515.c:102:9:MCP2515_ReadByte	24	static
MCP2515.c:118:6:MCP2515_ReadRxSequence	16	static
MCP2515.c:129:6:MCP2515_WriteByte	16	static
MCP2515.c:141:6:MCP2515_WriteByteSequence	16	static
MCP2515.c:153:6:MCP2515_LoadTxSequence	24	static
MCP2515.c:166:6:MCP2515_LoadTxBuffer	16	static
MCP2515.c:177:6:MCP2515_RequestToSend	16	static
MCP2515.c:187:9:MCP2515_ReadStatus	16	static
MCP2515.c:202:9:MCP2515_GetRxStatus	16	static
MCP2515.c:217:6:MCP2515_BitModify	16	static
MCP2515.c:230:13:SPI_Tx	16	static
MCP2515.c:236:13:SPI_TxBuffer	16	static
MCP2515.c:242:16:SPI_Rx	16	static
MCP2515.c:250:13:SPI_RxBuffer	16	static
